[0.010s] Invoking command in '/home/teamgrit/jaehooni/endpoint_control/build/so_arm_description': CMAKE_PREFIX_PATH=/opt/ros/humble /usr/bin/cmake /home/teamgrit/jaehooni/endpoint_control/SO-ARM101_MoveIt_IsaacSim/src/so_arm_description -DCMAKE_INSTALL_PREFIX=/home/teamgrit/jaehooni/endpoint_control/install/so_arm_description
[0.181s] -- The C compiler identification is GNU 11.4.0
[0.295s] -- The CXX compiler identification is GNU 11.4.0
[0.320s] -- Detecting C compiler ABI info
[0.381s] -- Detecting C compiler ABI info - done
[0.385s] -- Check for working C compiler: /usr/lib/ccache/gcc - skipped
[0.387s] -- Detecting C compile features
[0.387s] -- Detecting C compile features - done
[0.392s] -- Detecting CXX compiler ABI info
[0.449s] -- Detecting CXX compiler ABI info - done
[0.455s] -- Check for working CXX compiler: /usr/lib/ccache/g++ - skipped
[0.455s] -- Detecting CXX compile features
[0.455s] -- Detecting CXX compile features - done
[0.473s] -- Found ament_cmake: 1.3.12 (/opt/ros/humble/share/ament_cmake/cmake)
[0.595s] -- Found Python3: /usr/bin/python3 (found version "3.10.12") found components: Interpreter 
[0.798s] -- Configuring done
[0.801s] -- Generating done
[0.801s] -- Build files have been written to: /home/teamgrit/jaehooni/endpoint_control/build/so_arm_description
[0.805s] Invoked command in '/home/teamgrit/jaehooni/endpoint_control/build/so_arm_description' returned '0': CMAKE_PREFIX_PATH=/opt/ros/humble /usr/bin/cmake /home/teamgrit/jaehooni/endpoint_control/SO-ARM101_MoveIt_IsaacSim/src/so_arm_description -DCMAKE_INSTALL_PREFIX=/home/teamgrit/jaehooni/endpoint_control/install/so_arm_description
[0.807s] Invoking command in '/home/teamgrit/jaehooni/endpoint_control/build/so_arm_description': CMAKE_PREFIX_PATH=/opt/ros/humble /usr/bin/cmake --build /home/teamgrit/jaehooni/endpoint_control/build/so_arm_description -- -j20 -l20
[0.860s] Invoked command in '/home/teamgrit/jaehooni/endpoint_control/build/so_arm_description' returned '0': CMAKE_PREFIX_PATH=/opt/ros/humble /usr/bin/cmake --build /home/teamgrit/jaehooni/endpoint_control/build/so_arm_description -- -j20 -l20
[0.874s] Invoking command in '/home/teamgrit/jaehooni/endpoint_control/build/so_arm_description': CMAKE_PREFIX_PATH=/opt/ros/humble /usr/bin/cmake --install /home/teamgrit/jaehooni/endpoint_control/build/so_arm_description
[0.885s] -- Install configuration: ""
[0.885s] -- Installing: /home/teamgrit/jaehooni/endpoint_control/install/so_arm_description/share/so_arm_description/urdf
[0.885s] -- Installing: /home/teamgrit/jaehooni/endpoint_control/install/so_arm_description/share/so_arm_description/urdf/so101_new_calib.urdf
[0.885s] -- Installing: /home/teamgrit/jaehooni/endpoint_control/install/so_arm_description/share/so_arm_description/meshes
[0.886s] -- Installing: /home/teamgrit/jaehooni/endpoint_control/install/so_arm_description/share/so_arm_description/meshes/wrist_roll_pitch_so101_v2.stl
[0.900s] -- Installing: /home/teamgrit/jaehooni/endpoint_control/install/so_arm_description/share/so_arm_description/meshes/rotation_pitch_so101_v1.stl
[0.904s] -- Installing: /home/teamgrit/jaehooni/endpoint_control/install/so_arm_description/share/so_arm_description/meshes/moving_jaw_so101_v1.stl
[0.916s] -- Installing: /home/teamgrit/jaehooni/endpoint_control/install/so_arm_description/share/so_arm_description/meshes/under_arm_so101_v1.stl
[0.926s] -- Installing: /home/teamgrit/jaehooni/endpoint_control/install/so_arm_description/share/so_arm_description/meshes/motor_holder_so101_wrist_v1.stl
[0.933s] -- Installing: /home/teamgrit/jaehooni/endpoint_control/install/so_arm_description/share/so_arm_description/meshes/base_so101_v2.stl
[0.936s] -- Installing: /home/teamgrit/jaehooni/endpoint_control/install/so_arm_description/share/so_arm_description/meshes/sts3215_03a_v1.stl
[0.942s] -- Installing: /home/teamgrit/jaehooni/endpoint_control/install/so_arm_description/share/so_arm_description/meshes/base_motor_holder_so101_v1.stl
[0.949s] -- Installing: /home/teamgrit/jaehooni/endpoint_control/install/so_arm_description/share/so_arm_description/meshes/motor_holder_so101_base_v1.stl
[0.953s] -- Installing: /home/teamgrit/jaehooni/endpoint_control/install/so_arm_description/share/so_arm_description/meshes/sts3215_03a_no_horn_v1.stl
[0.958s] -- Installing: /home/teamgrit/jaehooni/endpoint_control/install/so_arm_description/share/so_arm_description/meshes/waveshare_mounting_plate_so101_v2.stl
[0.960s] -- Installing: /home/teamgrit/jaehooni/endpoint_control/install/so_arm_description/share/so_arm_description/meshes/wrist_roll_follower_so101_v1.stl
[0.967s] -- Installing: /home/teamgrit/jaehooni/endpoint_control/install/so_arm_description/share/so_arm_description/meshes/upper_arm_so101_v1.stl
[0.974s] -- Installing: /home/teamgrit/jaehooni/endpoint_control/install/so_arm_description/share/so_arm_description/config
[0.975s] -- Installing: /home/teamgrit/jaehooni/endpoint_control/install/so_arm_description/share/so_arm_description/config/joint_names_so_arm_urdf.yaml
[0.976s] -- Installing: /home/teamgrit/jaehooni/endpoint_control/install/so_arm_description/share/so_arm_description/joints_properties.xml
[0.977s] -- Installing: /home/teamgrit/jaehooni/endpoint_control/install/so_arm_description/share/so_arm_description/README.md
[0.977s] -- Installing: /home/teamgrit/jaehooni/endpoint_control/install/so_arm_description/share/ament_index/resource_index/package_run_dependencies/so_arm_description
[0.977s] -- Installing: /home/teamgrit/jaehooni/endpoint_control/install/so_arm_description/share/ament_index/resource_index/parent_prefix_path/so_arm_description
[0.977s] -- Installing: /home/teamgrit/jaehooni/endpoint_control/install/so_arm_description/share/so_arm_description/environment/ament_prefix_path.sh
[0.978s] -- Installing: /home/teamgrit/jaehooni/endpoint_control/install/so_arm_description/share/so_arm_description/environment/ament_prefix_path.dsv
[0.978s] -- Installing: /home/teamgrit/jaehooni/endpoint_control/install/so_arm_description/share/so_arm_description/environment/path.sh
[0.978s] -- Installing: /home/teamgrit/jaehooni/endpoint_control/install/so_arm_description/share/so_arm_description/environment/path.dsv
[0.978s] -- Installing: /home/teamgrit/jaehooni/endpoint_control/install/so_arm_description/share/so_arm_description/local_setup.bash
[0.978s] -- Installing: /home/teamgrit/jaehooni/endpoint_control/install/so_arm_description/share/so_arm_description/local_setup.sh
[0.978s] -- Installing: /home/teamgrit/jaehooni/endpoint_control/install/so_arm_description/share/so_arm_description/local_setup.zsh
[0.978s] -- Installing: /home/teamgrit/jaehooni/endpoint_control/install/so_arm_description/share/so_arm_description/local_setup.dsv
[0.978s] -- Installing: /home/teamgrit/jaehooni/endpoint_control/install/so_arm_description/share/so_arm_description/package.dsv
[0.978s] -- Installing: /home/teamgrit/jaehooni/endpoint_control/install/so_arm_description/share/ament_index/resource_index/packages/so_arm_description
[0.978s] -- Installing: /home/teamgrit/jaehooni/endpoint_control/install/so_arm_description/share/so_arm_description/cmake/so_arm_descriptionConfig.cmake
[0.978s] -- Installing: /home/teamgrit/jaehooni/endpoint_control/install/so_arm_description/share/so_arm_description/cmake/so_arm_descriptionConfig-version.cmake
[0.978s] -- Installing: /home/teamgrit/jaehooni/endpoint_control/install/so_arm_description/share/so_arm_description/package.xml
[0.979s] Invoked command in '/home/teamgrit/jaehooni/endpoint_control/build/so_arm_description' returned '0': CMAKE_PREFIX_PATH=/opt/ros/humble /usr/bin/cmake --install /home/teamgrit/jaehooni/endpoint_control/build/so_arm_description
