[0.163s] Invoking command in '/home/teamgrit/jaehooni/endpoint_control/build/so_arm_description': CMAKE_PREFIX_PATH=${CMAKE_PREFIX_PATH}:/home/teamgrit/jaehooni/endpoint_control/SO-ARM101_MoveIt_IsaacSim/install/so_arm_motion_interface:/home/teamgrit/jaehooni/endpoint_control/SO-ARM101_MoveIt_IsaacSim/install/so_arm_custom_control:/opt/ros/humble /usr/bin/cmake /home/teamgrit/jaehooni/endpoint_control/SO-ARM_Teleop/src/so_arm_description -DCMAKE_INSTALL_PREFIX=/home/teamgrit/jaehooni/endpoint_control/install/so_arm_description
[0.200s] -- The C compiler identification is GNU 11.4.0
[0.237s] -- The CXX compiler identification is GNU 11.4.0
[0.244s] -- Detecting C compiler ABI info
[0.282s] -- Detecting C compiler ABI info - done
[0.286s] -- Check for working C compiler: /usr/lib/ccache/gcc - skipped
[0.286s] -- Detecting C compile features
[0.287s] -- Detecting C compile features - done
[0.288s] -- Detecting CXX compiler ABI info
[0.334s] -- Detecting CXX compiler ABI info - done
[0.338s] -- Check for working CXX compiler: /usr/lib/ccache/g++ - skipped
[0.338s] -- Detecting CXX compile features
[0.339s] -- Detecting CXX compile features - done
[0.340s] -- Found ament_cmake: 1.3.12 (/opt/ros/humble/share/ament_cmake/cmake)
[0.437s] -- Found Python3: /usr/bin/python3 (found version "3.10.12") found components: Interpreter 
[0.536s] -- Configuring done
[0.537s] -- Generating done
[0.538s] -- Build files have been written to: /home/teamgrit/jaehooni/endpoint_control/build/so_arm_description
[0.541s] Invoked command in '/home/teamgrit/jaehooni/endpoint_control/build/so_arm_description' returned '0': CMAKE_PREFIX_PATH=${CMAKE_PREFIX_PATH}:/home/teamgrit/jaehooni/endpoint_control/SO-ARM101_MoveIt_IsaacSim/install/so_arm_motion_interface:/home/teamgrit/jaehooni/endpoint_control/SO-ARM101_MoveIt_IsaacSim/install/so_arm_custom_control:/opt/ros/humble /usr/bin/cmake /home/teamgrit/jaehooni/endpoint_control/SO-ARM_Teleop/src/so_arm_description -DCMAKE_INSTALL_PREFIX=/home/teamgrit/jaehooni/endpoint_control/install/so_arm_description
[0.542s] Invoking command in '/home/teamgrit/jaehooni/endpoint_control/build/so_arm_description': CMAKE_PREFIX_PATH=${CMAKE_PREFIX_PATH}:/home/teamgrit/jaehooni/endpoint_control/SO-ARM101_MoveIt_IsaacSim/install/so_arm_motion_interface:/home/teamgrit/jaehooni/endpoint_control/SO-ARM101_MoveIt_IsaacSim/install/so_arm_custom_control:/opt/ros/humble /usr/bin/cmake --build /home/teamgrit/jaehooni/endpoint_control/build/so_arm_description -- -j20 -l20
[0.569s] Invoked command in '/home/teamgrit/jaehooni/endpoint_control/build/so_arm_description' returned '0': CMAKE_PREFIX_PATH=${CMAKE_PREFIX_PATH}:/home/teamgrit/jaehooni/endpoint_control/SO-ARM101_MoveIt_IsaacSim/install/so_arm_motion_interface:/home/teamgrit/jaehooni/endpoint_control/SO-ARM101_MoveIt_IsaacSim/install/so_arm_custom_control:/opt/ros/humble /usr/bin/cmake --build /home/teamgrit/jaehooni/endpoint_control/build/so_arm_description -- -j20 -l20
[0.575s] Invoking command in '/home/teamgrit/jaehooni/endpoint_control/build/so_arm_description': CMAKE_PREFIX_PATH=${CMAKE_PREFIX_PATH}:/home/teamgrit/jaehooni/endpoint_control/SO-ARM101_MoveIt_IsaacSim/install/so_arm_motion_interface:/home/teamgrit/jaehooni/endpoint_control/SO-ARM101_MoveIt_IsaacSim/install/so_arm_custom_control:/opt/ros/humble /usr/bin/cmake --install /home/teamgrit/jaehooni/endpoint_control/build/so_arm_description
[0.582s] -- Install configuration: ""
[0.582s] -- Installing: /home/teamgrit/jaehooni/endpoint_control/install/so_arm_description/share/so_arm_description/urdf
[0.582s] -- Installing: /home/teamgrit/jaehooni/endpoint_control/install/so_arm_description/share/so_arm_description/urdf/so101_new_calib.urdf
[0.582s] -- Installing: /home/teamgrit/jaehooni/endpoint_control/install/so_arm_description/share/so_arm_description/meshes
[0.583s] -- Installing: /home/teamgrit/jaehooni/endpoint_control/install/so_arm_description/share/so_arm_description/meshes/wrist_roll_pitch_so101_v2.stl
[0.584s] -- Installing: /home/teamgrit/jaehooni/endpoint_control/install/so_arm_description/share/so_arm_description/meshes/rotation_pitch_so101_v1.stl
[0.584s] -- Installing: /home/teamgrit/jaehooni/endpoint_control/install/so_arm_description/share/so_arm_description/meshes/moving_jaw_so101_v1.stl
[0.585s] -- Installing: /home/teamgrit/jaehooni/endpoint_control/install/so_arm_description/share/so_arm_description/meshes/under_arm_so101_v1.stl
[0.586s] -- Installing: /home/teamgrit/jaehooni/endpoint_control/install/so_arm_description/share/so_arm_description/meshes/motor_holder_so101_wrist_v1.stl
[0.586s] -- Installing: /home/teamgrit/jaehooni/endpoint_control/install/so_arm_description/share/so_arm_description/meshes/base_so101_v2.stl
[0.587s] -- Installing: /home/teamgrit/jaehooni/endpoint_control/install/so_arm_description/share/so_arm_description/meshes/sts3215_03a_v1.stl
[0.587s] -- Installing: /home/teamgrit/jaehooni/endpoint_control/install/so_arm_description/share/so_arm_description/meshes/base_motor_holder_so101_v1.stl
[0.588s] -- Installing: /home/teamgrit/jaehooni/endpoint_control/install/so_arm_description/share/so_arm_description/meshes/motor_holder_so101_base_v1.stl
[0.588s] -- Installing: /home/teamgrit/jaehooni/endpoint_control/install/so_arm_description/share/so_arm_description/meshes/sts3215_03a_no_horn_v1.stl
[0.589s] -- Installing: /home/teamgrit/jaehooni/endpoint_control/install/so_arm_description/share/so_arm_description/meshes/waveshare_mounting_plate_so101_v2.stl
[0.589s] -- Installing: /home/teamgrit/jaehooni/endpoint_control/install/so_arm_description/share/so_arm_description/meshes/wrist_roll_follower_so101_v1.stl
[0.589s] -- Installing: /home/teamgrit/jaehooni/endpoint_control/install/so_arm_description/share/so_arm_description/meshes/upper_arm_so101_v1.stl
[0.590s] -- Installing: /home/teamgrit/jaehooni/endpoint_control/install/so_arm_description/share/so_arm_description/config
[0.590s] -- Installing: /home/teamgrit/jaehooni/endpoint_control/install/so_arm_description/share/so_arm_description/config/joint_names_so_arm_urdf.yaml
[0.590s] -- Installing: /home/teamgrit/jaehooni/endpoint_control/install/so_arm_description/share/so_arm_description/joints_properties.xml
[0.590s] -- Installing: /home/teamgrit/jaehooni/endpoint_control/install/so_arm_description/share/so_arm_description/README.md
[0.590s] -- Installing: /home/teamgrit/jaehooni/endpoint_control/install/so_arm_description/share/ament_index/resource_index/package_run_dependencies/so_arm_description
[0.590s] -- Installing: /home/teamgrit/jaehooni/endpoint_control/install/so_arm_description/share/ament_index/resource_index/parent_prefix_path/so_arm_description
[0.590s] -- Installing: /home/teamgrit/jaehooni/endpoint_control/install/so_arm_description/share/so_arm_description/environment/ament_prefix_path.sh
[0.590s] -- Installing: /home/teamgrit/jaehooni/endpoint_control/install/so_arm_description/share/so_arm_description/environment/ament_prefix_path.dsv
[0.590s] -- Installing: /home/teamgrit/jaehooni/endpoint_control/install/so_arm_description/share/so_arm_description/environment/path.sh
[0.590s] -- Installing: /home/teamgrit/jaehooni/endpoint_control/install/so_arm_description/share/so_arm_description/environment/path.dsv
[0.590s] -- Installing: /home/teamgrit/jaehooni/endpoint_control/install/so_arm_description/share/so_arm_description/local_setup.bash
[0.590s] -- Installing: /home/teamgrit/jaehooni/endpoint_control/install/so_arm_description/share/so_arm_description/local_setup.sh
[0.590s] -- Installing: /home/teamgrit/jaehooni/endpoint_control/install/so_arm_description/share/so_arm_description/local_setup.zsh
[0.590s] -- Installing: /home/teamgrit/jaehooni/endpoint_control/install/so_arm_description/share/so_arm_description/local_setup.dsv
[0.591s] -- Installing: /home/teamgrit/jaehooni/endpoint_control/install/so_arm_description/share/so_arm_description/package.dsv
[0.591s] -- Installing: /home/teamgrit/jaehooni/endpoint_control/install/so_arm_description/share/ament_index/resource_index/packages/so_arm_description
[0.591s] -- Installing: /home/teamgrit/jaehooni/endpoint_control/install/so_arm_description/share/so_arm_description/cmake/so_arm_descriptionConfig.cmake
[0.591s] -- Installing: /home/teamgrit/jaehooni/endpoint_control/install/so_arm_description/share/so_arm_description/cmake/so_arm_descriptionConfig-version.cmake
[0.591s] -- Installing: /home/teamgrit/jaehooni/endpoint_control/install/so_arm_description/share/so_arm_description/package.xml
[0.592s] Invoked command in '/home/teamgrit/jaehooni/endpoint_control/build/so_arm_description' returned '0': CMAKE_PREFIX_PATH=${CMAKE_PREFIX_PATH}:/home/teamgrit/jaehooni/endpoint_control/SO-ARM101_MoveIt_IsaacSim/install/so_arm_motion_interface:/home/teamgrit/jaehooni/endpoint_control/SO-ARM101_MoveIt_IsaacSim/install/so_arm_custom_control:/opt/ros/humble /usr/bin/cmake --install /home/teamgrit/jaehooni/endpoint_control/build/so_arm_description
