[0.954s] Invoking command in '/home/teamgrit/jaehooni/endpoint_control/SO-ARM101_MoveIt_IsaacSim/src/so_arm_custom_control': PYTHONPATH=/home/teamgrit/jaehooni/endpoint_control/build/so_arm_custom_control/prefix_override:/usr/lib/python3/dist-packages/colcon_core/task/python/colcon_distutils_commands:/home/teamgrit/jaehooni/endpoint_control/install/so_arm_custom_control/lib/python3.10/site-packages:${PYTHONPATH} /usr/bin/python3 -W ignore:setup.py install is deprecated -W ignore:easy_install command is deprecated setup.py egg_info --egg-base ../../../build/so_arm_custom_control build --build-base /home/teamgrit/jaehooni/endpoint_control/build/so_arm_custom_control/build install --record /home/teamgrit/jaehooni/endpoint_control/build/so_arm_custom_control/install.log --single-version-externally-managed install_data
[1.114s] running egg_info
[1.114s] creating ../../../build/so_arm_custom_control/so_arm_custom_control.egg-info
[1.114s] writing ../../../build/so_arm_custom_control/so_arm_custom_control.egg-info/PKG-INFO
[1.115s] writing dependency_links to ../../../build/so_arm_custom_control/so_arm_custom_control.egg-info/dependency_links.txt
[1.115s] writing entry points to ../../../build/so_arm_custom_control/so_arm_custom_control.egg-info/entry_points.txt
[1.115s] writing requirements to ../../../build/so_arm_custom_control/so_arm_custom_control.egg-info/requires.txt
[1.115s] writing top-level names to ../../../build/so_arm_custom_control/so_arm_custom_control.egg-info/top_level.txt
[1.115s] writing manifest file '../../../build/so_arm_custom_control/so_arm_custom_control.egg-info/SOURCES.txt'
[1.117s] reading manifest file '../../../build/so_arm_custom_control/so_arm_custom_control.egg-info/SOURCES.txt'
[1.117s] writing manifest file '../../../build/so_arm_custom_control/so_arm_custom_control.egg-info/SOURCES.txt'
[1.117s] running build
[1.117s] running build_py
[1.117s] creating /home/teamgrit/jaehooni/endpoint_control/build/so_arm_custom_control/build
[1.117s] creating /home/teamgrit/jaehooni/endpoint_control/build/so_arm_custom_control/build/lib
[1.118s] creating /home/teamgrit/jaehooni/endpoint_control/build/so_arm_custom_control/build/lib/so_arm_custom_control
[1.118s] copying so_arm_custom_control/__init__.py -> /home/teamgrit/jaehooni/endpoint_control/build/so_arm_custom_control/build/lib/so_arm_custom_control
[1.118s] copying so_arm_custom_control/lecabot_direct_controller_node.py -> /home/teamgrit/jaehooni/endpoint_control/build/so_arm_custom_control/build/lib/so_arm_custom_control
[1.119s] running install
[1.119s] running install_lib
[1.119s] creating /home/teamgrit/jaehooni/endpoint_control/install/so_arm_custom_control/lib/python3.10/site-packages/so_arm_custom_control
[1.119s] copying /home/teamgrit/jaehooni/endpoint_control/build/so_arm_custom_control/build/lib/so_arm_custom_control/__init__.py -> /home/teamgrit/jaehooni/endpoint_control/install/so_arm_custom_control/lib/python3.10/site-packages/so_arm_custom_control
[1.119s] copying /home/teamgrit/jaehooni/endpoint_control/build/so_arm_custom_control/build/lib/so_arm_custom_control/lecabot_direct_controller_node.py -> /home/teamgrit/jaehooni/endpoint_control/install/so_arm_custom_control/lib/python3.10/site-packages/so_arm_custom_control
[1.120s] byte-compiling /home/teamgrit/jaehooni/endpoint_control/install/so_arm_custom_control/lib/python3.10/site-packages/so_arm_custom_control/__init__.py to __init__.cpython-310.pyc
[1.120s] byte-compiling /home/teamgrit/jaehooni/endpoint_control/install/so_arm_custom_control/lib/python3.10/site-packages/so_arm_custom_control/lecabot_direct_controller_node.py to lecabot_direct_controller_node.cpython-310.pyc
[1.121s] running install_data
[1.122s] creating /home/teamgrit/jaehooni/endpoint_control/install/so_arm_custom_control/share/ament_index
[1.122s] creating /home/teamgrit/jaehooni/endpoint_control/install/so_arm_custom_control/share/ament_index/resource_index
[1.122s] creating /home/teamgrit/jaehooni/endpoint_control/install/so_arm_custom_control/share/ament_index/resource_index/packages
[1.122s] copying resource/so_arm_custom_control -> /home/teamgrit/jaehooni/endpoint_control/install/so_arm_custom_control/share/ament_index/resource_index/packages
[1.122s] copying package.xml -> /home/teamgrit/jaehooni/endpoint_control/install/so_arm_custom_control/share/so_arm_custom_control
[1.122s] creating /home/teamgrit/jaehooni/endpoint_control/install/so_arm_custom_control/share/so_arm_custom_control/launch
[1.122s] copying launch/lecabot_teleop.launch.py -> /home/teamgrit/jaehooni/endpoint_control/install/so_arm_custom_control/share/so_arm_custom_control/launch
[1.122s] running install_egg_info
[1.123s] Copying ../../../build/so_arm_custom_control/so_arm_custom_control.egg-info to /home/teamgrit/jaehooni/endpoint_control/install/so_arm_custom_control/lib/python3.10/site-packages/so_arm_custom_control-0.1.0-py3.10.egg-info
[1.124s] running install_scripts
[1.135s] Installing lecabot_direct_controller_node script to /home/teamgrit/jaehooni/endpoint_control/install/so_arm_custom_control/lib/so_arm_custom_control
[1.135s] writing list of installed files to '/home/teamgrit/jaehooni/endpoint_control/build/so_arm_custom_control/install.log'
[1.150s] Invoked command in '/home/teamgrit/jaehooni/endpoint_control/SO-ARM101_MoveIt_IsaacSim/src/so_arm_custom_control' returned '0': PYTHONPATH=/home/teamgrit/jaehooni/endpoint_control/build/so_arm_custom_control/prefix_override:/usr/lib/python3/dist-packages/colcon_core/task/python/colcon_distutils_commands:/home/teamgrit/jaehooni/endpoint_control/install/so_arm_custom_control/lib/python3.10/site-packages:${PYTHONPATH} /usr/bin/python3 -W ignore:setup.py install is deprecated -W ignore:easy_install command is deprecated setup.py egg_info --egg-base ../../../build/so_arm_custom_control build --build-base /home/teamgrit/jaehooni/endpoint_control/build/so_arm_custom_control/build install --record /home/teamgrit/jaehooni/endpoint_control/build/so_arm_custom_control/install.log --single-version-externally-managed install_data
