/home/teamgrit/jaehooni/endpoint_control/install/so_arm_motion_interface/lib/python3.10/site-packages/so_arm_motion_interface/websocket_joint_state_bridge_node.py
/home/teamgrit/jaehooni/endpoint_control/install/so_arm_motion_interface/lib/python3.10/site-packages/so_arm_motion_interface/__init__.py
/home/teamgrit/jaehooni/endpoint_control/install/so_arm_motion_interface/lib/python3.10/site-packages/so_arm_motion_interface/joint_limit_recovery_node.py
/home/teamgrit/jaehooni/endpoint_control/install/so_arm_motion_interface/lib/python3.10/site-packages/so_arm_motion_interface/pose_to_joint_trajectory_node.py
/home/teamgrit/jaehooni/endpoint_control/install/so_arm_motion_interface/lib/python3.10/site-packages/so_arm_motion_interface/twist_to_servo_node.py
/home/teamgrit/jaehooni/endpoint_control/install/so_arm_motion_interface/lib/python3.10/site-packages/so_arm_motion_interface/so101_lerobot_bridge_node.py
/home/teamgrit/jaehooni/endpoint_control/install/so_arm_motion_interface/lib/python3.10/site-packages/so_arm_motion_interface/z_height_joint_controller_node.py
/home/teamgrit/jaehooni/endpoint_control/install/so_arm_motion_interface/lib/python3.10/site-packages/so_arm_motion_interface/websocket_pose_bridge_node.py
/home/teamgrit/jaehooni/endpoint_control/install/so_arm_motion_interface/lib/python3.10/site-packages/so_arm_motion_interface/pose_to_servo_node.py
/home/teamgrit/jaehooni/endpoint_control/install/so_arm_motion_interface/lib/python3.10/site-packages/so_arm_motion_interface/enable_servo_orientation_drift_node.py
/home/teamgrit/jaehooni/endpoint_control/install/so_arm_motion_interface/lib/python3.10/site-packages/so_arm_motion_interface/initial_state_collision_guard_node.py
/home/teamgrit/jaehooni/endpoint_control/install/so_arm_motion_interface/lib/python3.10/site-packages/so_arm_motion_interface/so101_feetech_driver.py
/home/teamgrit/jaehooni/endpoint_control/install/so_arm_motion_interface/lib/python3.10/site-packages/so_arm_motion_interface/websocket_image_bridge_node.py
/home/teamgrit/jaehooni/endpoint_control/install/so_arm_motion_interface/lib/python3.10/site-packages/so_arm_motion_interface/__pycache__/websocket_joint_state_bridge_node.cpython-310.pyc
/home/teamgrit/jaehooni/endpoint_control/install/so_arm_motion_interface/lib/python3.10/site-packages/so_arm_motion_interface/__pycache__/__init__.cpython-310.pyc
/home/teamgrit/jaehooni/endpoint_control/install/so_arm_motion_interface/lib/python3.10/site-packages/so_arm_motion_interface/__pycache__/joint_limit_recovery_node.cpython-310.pyc
/home/teamgrit/jaehooni/endpoint_control/install/so_arm_motion_interface/lib/python3.10/site-packages/so_arm_motion_interface/__pycache__/pose_to_joint_trajectory_node.cpython-310.pyc
/home/teamgrit/jaehooni/endpoint_control/install/so_arm_motion_interface/lib/python3.10/site-packages/so_arm_motion_interface/__pycache__/twist_to_servo_node.cpython-310.pyc
/home/teamgrit/jaehooni/endpoint_control/install/so_arm_motion_interface/lib/python3.10/site-packages/so_arm_motion_interface/__pycache__/so101_lerobot_bridge_node.cpython-310.pyc
/home/teamgrit/jaehooni/endpoint_control/install/so_arm_motion_interface/lib/python3.10/site-packages/so_arm_motion_interface/__pycache__/z_height_joint_controller_node.cpython-310.pyc
/home/teamgrit/jaehooni/endpoint_control/install/so_arm_motion_interface/lib/python3.10/site-packages/so_arm_motion_interface/__pycache__/websocket_pose_bridge_node.cpython-310.pyc
/home/teamgrit/jaehooni/endpoint_control/install/so_arm_motion_interface/lib/python3.10/site-packages/so_arm_motion_interface/__pycache__/pose_to_servo_node.cpython-310.pyc
/home/teamgrit/jaehooni/endpoint_control/install/so_arm_motion_interface/lib/python3.10/site-packages/so_arm_motion_interface/__pycache__/enable_servo_orientation_drift_node.cpython-310.pyc
/home/teamgrit/jaehooni/endpoint_control/install/so_arm_motion_interface/lib/python3.10/site-packages/so_arm_motion_interface/__pycache__/initial_state_collision_guard_node.cpython-310.pyc
/home/teamgrit/jaehooni/endpoint_control/install/so_arm_motion_interface/lib/python3.10/site-packages/so_arm_motion_interface/__pycache__/so101_feetech_driver.cpython-310.pyc
/home/teamgrit/jaehooni/endpoint_control/install/so_arm_motion_interface/lib/python3.10/site-packages/so_arm_motion_interface/__pycache__/websocket_image_bridge_node.cpython-310.pyc
/home/teamgrit/jaehooni/endpoint_control/install/so_arm_motion_interface/share/ament_index/resource_index/packages/so_arm_motion_interface
/home/teamgrit/jaehooni/endpoint_control/install/so_arm_motion_interface/share/so_arm_motion_interface/package.xml
/home/teamgrit/jaehooni/endpoint_control/install/so_arm_motion_interface/share/so_arm_motion_interface/launch/servo_teleop.launch.py
/home/teamgrit/jaehooni/endpoint_control/install/so_arm_motion_interface/lib/python3.10/site-packages/so_arm_motion_interface-0.0.0-py3.10.egg-info/requires.txt
/home/teamgrit/jaehooni/endpoint_control/install/so_arm_motion_interface/lib/python3.10/site-packages/so_arm_motion_interface-0.0.0-py3.10.egg-info/SOURCES.txt
/home/teamgrit/jaehooni/endpoint_control/install/so_arm_motion_interface/lib/python3.10/site-packages/so_arm_motion_interface-0.0.0-py3.10.egg-info/PKG-INFO
/home/teamgrit/jaehooni/endpoint_control/install/so_arm_motion_interface/lib/python3.10/site-packages/so_arm_motion_interface-0.0.0-py3.10.egg-info/top_level.txt
/home/teamgrit/jaehooni/endpoint_control/install/so_arm_motion_interface/lib/python3.10/site-packages/so_arm_motion_interface-0.0.0-py3.10.egg-info/dependency_links.txt
/home/teamgrit/jaehooni/endpoint_control/install/so_arm_motion_interface/lib/python3.10/site-packages/so_arm_motion_interface-0.0.0-py3.10.egg-info/entry_points.txt
/home/teamgrit/jaehooni/endpoint_control/install/so_arm_motion_interface/lib/python3.10/site-packages/so_arm_motion_interface-0.0.0-py3.10.egg-info/zip-safe
/home/teamgrit/jaehooni/endpoint_control/install/so_arm_motion_interface/lib/so_arm_motion_interface/enable_servo_orientation_drift_node
/home/teamgrit/jaehooni/endpoint_control/install/so_arm_motion_interface/lib/so_arm_motion_interface/initial_state_collision_guard_node
/home/teamgrit/jaehooni/endpoint_control/install/so_arm_motion_interface/lib/so_arm_motion_interface/joint_limit_recovery_node
/home/teamgrit/jaehooni/endpoint_control/install/so_arm_motion_interface/lib/so_arm_motion_interface/pose_to_joint_trajectory_node
/home/teamgrit/jaehooni/endpoint_control/install/so_arm_motion_interface/lib/so_arm_motion_interface/pose_to_servo_node
/home/teamgrit/jaehooni/endpoint_control/install/so_arm_motion_interface/lib/so_arm_motion_interface/so101_lerobot_bridge_node
/home/teamgrit/jaehooni/endpoint_control/install/so_arm_motion_interface/lib/so_arm_motion_interface/twist_to_servo_node
/home/teamgrit/jaehooni/endpoint_control/install/so_arm_motion_interface/lib/so_arm_motion_interface/websocket_image_bridge_node
/home/teamgrit/jaehooni/endpoint_control/install/so_arm_motion_interface/lib/so_arm_motion_interface/websocket_joint_state_bridge_node
/home/teamgrit/jaehooni/endpoint_control/install/so_arm_motion_interface/lib/so_arm_motion_interface/websocket_pose_bridge_node
/home/teamgrit/jaehooni/endpoint_control/install/so_arm_motion_interface/lib/so_arm_motion_interface/z_height_joint_controller_node
