running egg_info
creating ../../../build/so_arm_custom_control/so_arm_custom_control.egg-info
writing ../../../build/so_arm_custom_control/so_arm_custom_control.egg-info/PKG-INFO
writing dependency_links to ../../../build/so_arm_custom_control/so_arm_custom_control.egg-info/dependency_links.txt
writing entry points to ../../../build/so_arm_custom_control/so_arm_custom_control.egg-info/entry_points.txt
writing requirements to ../../../build/so_arm_custom_control/so_arm_custom_control.egg-info/requires.txt
writing top-level names to ../../../build/so_arm_custom_control/so_arm_custom_control.egg-info/top_level.txt
writing manifest file '../../../build/so_arm_custom_control/so_arm_custom_control.egg-info/SOURCES.txt'
reading manifest file '../../../build/so_arm_custom_control/so_arm_custom_control.egg-info/SOURCES.txt'
writing manifest file '../../../build/so_arm_custom_control/so_arm_custom_control.egg-info/SOURCES.txt'
running build
running build_py
creating /home/teamgrit/jaehooni/endpoint_control/build/so_arm_custom_control/build
creating /home/teamgrit/jaehooni/endpoint_control/build/so_arm_custom_control/build/lib
creating /home/teamgrit/jaehooni/endpoint_control/build/so_arm_custom_control/build/lib/so_arm_custom_control
copying so_arm_custom_control/__init__.py -> /home/teamgrit/jaehooni/endpoint_control/build/so_arm_custom_control/build/lib/so_arm_custom_control
copying so_arm_custom_control/lecabot_direct_controller_node.py -> /home/teamgrit/jaehooni/endpoint_control/build/so_arm_custom_control/build/lib/so_arm_custom_control
running install
running install_lib
creating /home/teamgrit/jaehooni/endpoint_control/install/so_arm_custom_control/lib/python3.10/site-packages/so_arm_custom_control
copying /home/teamgrit/jaehooni/endpoint_control/build/so_arm_custom_control/build/lib/so_arm_custom_control/__init__.py -> /home/teamgrit/jaehooni/endpoint_control/install/so_arm_custom_control/lib/python3.10/site-packages/so_arm_custom_control
copying /home/teamgrit/jaehooni/endpoint_control/build/so_arm_custom_control/build/lib/so_arm_custom_control/lecabot_direct_controller_node.py -> /home/teamgrit/jaehooni/endpoint_control/install/so_arm_custom_control/lib/python3.10/site-packages/so_arm_custom_control
byte-compiling /home/teamgrit/jaehooni/endpoint_control/install/so_arm_custom_control/lib/python3.10/site-packages/so_arm_custom_control/__init__.py to __init__.cpython-310.pyc
byte-compiling /home/teamgrit/jaehooni/endpoint_control/install/so_arm_custom_control/lib/python3.10/site-packages/so_arm_custom_control/lecabot_direct_controller_node.py to lecabot_direct_controller_node.cpython-310.pyc
running install_data
creating /home/teamgrit/jaehooni/endpoint_control/install/so_arm_custom_control/share/ament_index
creating /home/teamgrit/jaehooni/endpoint_control/install/so_arm_custom_control/share/ament_index/resource_index
creating /home/teamgrit/jaehooni/endpoint_control/install/so_arm_custom_control/share/ament_index/resource_index/packages
copying resource/so_arm_custom_control -> /home/teamgrit/jaehooni/endpoint_control/install/so_arm_custom_control/share/ament_index/resource_index/packages
copying package.xml -> /home/teamgrit/jaehooni/endpoint_control/install/so_arm_custom_control/share/so_arm_custom_control
creating /home/teamgrit/jaehooni/endpoint_control/install/so_arm_custom_control/share/so_arm_custom_control/launch
copying launch/lecabot_teleop.launch.py -> /home/teamgrit/jaehooni/endpoint_control/install/so_arm_custom_control/share/so_arm_custom_control/launch
running install_egg_info
Copying ../../../build/so_arm_custom_control/so_arm_custom_control.egg-info to /home/teamgrit/jaehooni/endpoint_control/install/so_arm_custom_control/lib/python3.10/site-packages/so_arm_custom_control-0.1.0-py3.10.egg-info
running install_scripts
Installing custom_direct_controller_node script to /home/teamgrit/jaehooni/endpoint_control/install/so_arm_custom_control/lib/so_arm_custom_control
Installing lecabot_direct_controller_node script to /home/teamgrit/jaehooni/endpoint_control/install/so_arm_custom_control/lib/so_arm_custom_control
writing list of installed files to '/home/teamgrit/jaehooni/endpoint_control/build/so_arm_custom_control/install.log'
