[0.587s] Invoking command in '/home/teamgrit/jaehooni/endpoint_control/SO-ARM_Teleop/src/so_arm_custom_control': PYTHONPATH=/home/teamgrit/jaehooni/endpoint_control/build/so_arm_custom_control/prefix_override:/usr/lib/python3/dist-packages/colcon_core/task/python/colcon_distutils_commands:/home/teamgrit/jaehooni/endpoint_control/install/so_arm_custom_control/lib/python3.10/site-packages:${PYTHONPATH} /usr/bin/python3 -W ignore:setup.py install is deprecated -W ignore:easy_install command is deprecated setup.py egg_info --egg-base ../../../build/so_arm_custom_control build --build-base /home/teamgrit/jaehooni/endpoint_control/build/so_arm_custom_control/build install --record /home/teamgrit/jaehooni/endpoint_control/build/so_arm_custom_control/install.log --single-version-externally-managed install_data
[0.743s] running egg_info
[0.743s] creating ../../../build/so_arm_custom_control/so_arm_custom_control.egg-info
[0.743s] writing ../../../build/so_arm_custom_control/so_arm_custom_control.egg-info/PKG-INFO
[0.743s] writing dependency_links to ../../../build/so_arm_custom_control/so_arm_custom_control.egg-info/dependency_links.txt
[0.743s] writing entry points to ../../../build/so_arm_custom_control/so_arm_custom_control.egg-info/entry_points.txt
[0.743s] writing requirements to ../../../build/so_arm_custom_control/so_arm_custom_control.egg-info/requires.txt
[0.743s] writing top-level names to ../../../build/so_arm_custom_control/so_arm_custom_control.egg-info/top_level.txt
[0.744s] writing manifest file '../../../build/so_arm_custom_control/so_arm_custom_control.egg-info/SOURCES.txt'
[0.744s] reading manifest file '../../../build/so_arm_custom_control/so_arm_custom_control.egg-info/SOURCES.txt'
[0.744s] writing manifest file '../../../build/so_arm_custom_control/so_arm_custom_control.egg-info/SOURCES.txt'
[0.745s] running build
[0.745s] running build_py
[0.745s] creating /home/teamgrit/jaehooni/endpoint_control/build/so_arm_custom_control/build
[0.745s] creating /home/teamgrit/jaehooni/endpoint_control/build/so_arm_custom_control/build/lib
[0.745s] creating /home/teamgrit/jaehooni/endpoint_control/build/so_arm_custom_control/build/lib/so_arm_custom_control
[0.745s] copying so_arm_custom_control/__init__.py -> /home/teamgrit/jaehooni/endpoint_control/build/so_arm_custom_control/build/lib/so_arm_custom_control
[0.745s] copying so_arm_custom_control/lecabot_direct_controller_node.py -> /home/teamgrit/jaehooni/endpoint_control/build/so_arm_custom_control/build/lib/so_arm_custom_control
[0.745s] running install
[0.745s] running install_lib
[0.745s] creating /home/teamgrit/jaehooni/endpoint_control/install/so_arm_custom_control/lib/python3.10/site-packages/so_arm_custom_control
[0.745s] copying /home/teamgrit/jaehooni/endpoint_control/build/so_arm_custom_control/build/lib/so_arm_custom_control/__init__.py -> /home/teamgrit/jaehooni/endpoint_control/install/so_arm_custom_control/lib/python3.10/site-packages/so_arm_custom_control
[0.745s] copying /home/teamgrit/jaehooni/endpoint_control/build/so_arm_custom_control/build/lib/so_arm_custom_control/lecabot_direct_controller_node.py -> /home/teamgrit/jaehooni/endpoint_control/install/so_arm_custom_control/lib/python3.10/site-packages/so_arm_custom_control
[0.746s] byte-compiling /home/teamgrit/jaehooni/endpoint_control/install/so_arm_custom_control/lib/python3.10/site-packages/so_arm_custom_control/__init__.py to __init__.cpython-310.pyc
[0.746s] byte-compiling /home/teamgrit/jaehooni/endpoint_control/install/so_arm_custom_control/lib/python3.10/site-packages/so_arm_custom_control/lecabot_direct_controller_node.py to lecabot_direct_controller_node.cpython-310.pyc
[0.748s] running install_data
[0.748s] creating /home/teamgrit/jaehooni/endpoint_control/install/so_arm_custom_control/share/ament_index
[0.748s] creating /home/teamgrit/jaehooni/endpoint_control/install/so_arm_custom_control/share/ament_index/resource_index
[0.748s] creating /home/teamgrit/jaehooni/endpoint_control/install/so_arm_custom_control/share/ament_index/resource_index/packages
[0.748s] copying resource/so_arm_custom_control -> /home/teamgrit/jaehooni/endpoint_control/install/so_arm_custom_control/share/ament_index/resource_index/packages
[0.748s] copying package.xml -> /home/teamgrit/jaehooni/endpoint_control/install/so_arm_custom_control/share/so_arm_custom_control
[0.748s] creating /home/teamgrit/jaehooni/endpoint_control/install/so_arm_custom_control/share/so_arm_custom_control/launch
[0.748s] copying launch/lecabot_teleop.launch.py -> /home/teamgrit/jaehooni/endpoint_control/install/so_arm_custom_control/share/so_arm_custom_control/launch
[0.748s] running install_egg_info
[0.749s] Copying ../../../build/so_arm_custom_control/so_arm_custom_control.egg-info to /home/teamgrit/jaehooni/endpoint_control/install/so_arm_custom_control/lib/python3.10/site-packages/so_arm_custom_control-0.1.0-py3.10.egg-info
[0.749s] running install_scripts
[0.760s] Installing custom_direct_controller_node script to /home/teamgrit/jaehooni/endpoint_control/install/so_arm_custom_control/lib/so_arm_custom_control
[0.760s] Installing lecabot_direct_controller_node script to /home/teamgrit/jaehooni/endpoint_control/install/so_arm_custom_control/lib/so_arm_custom_control
[0.760s] writing list of installed files to '/home/teamgrit/jaehooni/endpoint_control/build/so_arm_custom_control/install.log'
[0.774s] Invoked command in '/home/teamgrit/jaehooni/endpoint_control/SO-ARM_Teleop/src/so_arm_custom_control' returned '0': PYTHONPATH=/home/teamgrit/jaehooni/endpoint_control/build/so_arm_custom_control/prefix_override:/usr/lib/python3/dist-packages/colcon_core/task/python/colcon_distutils_commands:/home/teamgrit/jaehooni/endpoint_control/install/so_arm_custom_control/lib/python3.10/site-packages:${PYTHONPATH} /usr/bin/python3 -W ignore:setup.py install is deprecated -W ignore:easy_install command is deprecated setup.py egg_info --egg-base ../../../build/so_arm_custom_control build --build-base /home/teamgrit/jaehooni/endpoint_control/build/so_arm_custom_control/build install --record /home/teamgrit/jaehooni/endpoint_control/build/so_arm_custom_control/install.log --single-version-externally-managed install_data
