[0.067s] [34mcolcon[0m [1;30mDEBUG[0m [32mCommand line arguments: ['/usr/bin/colcon', 'build'][0m
[0.067s] [34mcolcon[0m [1;30mDEBUG[0m [32mParsed command line arguments: Namespace(log_base=None, log_level=None, verb_name='build', build_base='build', install_base='install', merge_install=False, symlink_install=False, test_result_base=None, continue_on_error=False, executor='parallel', parallel_workers=20, event_handlers=None, ignore_user_meta=False, metas=['./colcon.meta'], base_paths=['.'], packages_ignore=None, packages_ignore_regex=None, paths=None, packages_up_to=None, packages_up_to_regex=None, packages_above=None, packages_above_and_dependencies=None, packages_above_depth=None, packages_select_by_dep=None, packages_skip_by_dep=None, packages_skip_up_to=None, packages_select_build_failed=False, packages_skip_build_finished=False, packages_select_test_failures=False, packages_skip_test_passed=False, packages_select=None, packages_skip=None, packages_select_regex=None, packages_skip_regex=None, packages_start=None, packages_end=None, allow_overriding=[], cmake_args=None, cmake_target=None, cmake_target_skip_unavailable=False, cmake_clean_cache=False, cmake_clean_first=False, cmake_force_configure=False, ament_cmake_args=None, catkin_cmake_args=None, catkin_skip_building_tests=False, mixin_files=None, mixin=None, verb_parser=<colcon_mixin.mixin.mixin_argument.MixinArgumentDecorator object at 0x716655389f60>, verb_extension=<colcon_core.verb.build.BuildVerb object at 0x716655389930>, main=<bound method BuildVerb.main of <colcon_core.verb.build.BuildVerb object at 0x716655389930>>, mixin_verb=('build',))[0m
[0.182s] [34mcolcon.colcon_core.package_discovery[0m [1;30mLevel 1[0m discover_packages(colcon_meta) check parameters
[0.182s] [34mcolcon.colcon_core.package_discovery[0m [1;30mLevel 1[0m discover_packages(recursive) check parameters
[0.182s] [34mcolcon.colcon_core.package_discovery[0m [1;30mLevel 1[0m discover_packages(ignore) check parameters
[0.182s] [34mcolcon.colcon_core.package_discovery[0m [1;30mLevel 1[0m discover_packages(path) check parameters
[0.182s] [34mcolcon.colcon_core.package_discovery[0m [1;30mLevel 1[0m discover_packages(colcon_meta) discover
[0.182s] [34mcolcon.colcon_core.package_discovery[0m [1;30mLevel 1[0m discover_packages(recursive) discover
[0.182s] [34mcolcon.colcon_core.package_discovery[0m [1;30mINFO[0m Crawling recursively for packages in '/home/teamgrit/jaehooni/endpoint_control'
[0.182s] [34mcolcon.colcon_core.package_identification[0m [1;30mLevel 1[0m _identify(.) by extensions ['ignore', 'ignore_ament_install']
[0.182s] [34mcolcon.colcon_core.package_identification[0m [1;30mLevel 1[0m _identify(.) by extension 'ignore'
[0.182s] [34mcolcon.colcon_core.package_identification[0m [1;30mLevel 1[0m _identify(.) by extension 'ignore_ament_install'
[0.182s] [34mcolcon.colcon_core.package_identification[0m [1;30mLevel 1[0m _identify(.) by extensions ['colcon_pkg']
[0.182s] [34mcolcon.colcon_core.package_identification[0m [1;30mLevel 1[0m _identify(.) by extension 'colcon_pkg'
[0.182s] [34mcolcon.colcon_core.package_identification[0m [1;30mLevel 1[0m _identify(.) by extensions ['colcon_meta']
[0.182s] [34mcolcon.colcon_core.package_identification[0m [1;30mLevel 1[0m _identify(.) by extension 'colcon_meta'
[0.182s] [34mcolcon.colcon_core.package_identification[0m [1;30mLevel 1[0m _identify(.) by extensions ['ros']
[0.182s] [34mcolcon.colcon_core.package_identification[0m [1;30mLevel 1[0m _identify(.) by extension 'ros'
[0.188s] [34mcolcon.colcon_core.package_identification[0m [1;30mLevel 1[0m _identify(.) by extensions ['cmake', 'python']
[0.188s] [34mcolcon.colcon_core.package_identification[0m [1;30mLevel 1[0m _identify(.) by extension 'cmake'
[0.188s] [34mcolcon.colcon_core.package_identification[0m [1;30mLevel 1[0m _identify(.) by extension 'python'
[0.188s] [34mcolcon.colcon_core.package_identification[0m [1;30mLevel 1[0m _identify(.) by extensions ['python_setup_py']
[0.188s] [34mcolcon.colcon_core.package_identification[0m [1;30mLevel 1[0m _identify(.) by extension 'python_setup_py'
[0.188s] [34mcolcon.colcon_core.package_identification[0m [1;30mLevel 1[0m _identify(SO-ARM_Teleop) by extensions ['ignore', 'ignore_ament_install']
[0.188s] [34mcolcon.colcon_core.package_identification[0m [1;30mLevel 1[0m _identify(SO-ARM_Teleop) by extension 'ignore'
[0.188s] [34mcolcon.colcon_core.package_identification[0m [1;30mLevel 1[0m _identify(SO-ARM_Teleop) by extension 'ignore_ament_install'
[0.188s] [34mcolcon.colcon_core.package_identification[0m [1;30mLevel 1[0m _identify(SO-ARM_Teleop) by extensions ['colcon_pkg']
[0.188s] [34mcolcon.colcon_core.package_identification[0m [1;30mLevel 1[0m _identify(SO-ARM_Teleop) by extension 'colcon_pkg'
[0.188s] [34mcolcon.colcon_core.package_identification[0m [1;30mLevel 1[0m _identify(SO-ARM_Teleop) by extensions ['colcon_meta']
[0.188s] [34mcolcon.colcon_core.package_identification[0m [1;30mLevel 1[0m _identify(SO-ARM_Teleop) by extension 'colcon_meta'
[0.188s] [34mcolcon.colcon_core.package_identification[0m [1;30mLevel 1[0m _identify(SO-ARM_Teleop) by extensions ['ros']
[0.188s] [34mcolcon.colcon_core.package_identification[0m [1;30mLevel 1[0m _identify(SO-ARM_Teleop) by extension 'ros'
[0.188s] [34mcolcon.colcon_core.package_identification[0m [1;30mLevel 1[0m _identify(SO-ARM_Teleop) by extensions ['cmake', 'python']
[0.188s] [34mcolcon.colcon_core.package_identification[0m [1;30mLevel 1[0m _identify(SO-ARM_Teleop) by extension 'cmake'
[0.188s] [34mcolcon.colcon_core.package_identification[0m [1;30mLevel 1[0m _identify(SO-ARM_Teleop) by extension 'python'
[0.188s] [34mcolcon.colcon_core.package_identification[0m [1;30mLevel 1[0m _identify(SO-ARM_Teleop) by extensions ['python_setup_py']
[0.188s] [34mcolcon.colcon_core.package_identification[0m [1;30mLevel 1[0m _identify(SO-ARM_Teleop) by extension 'python_setup_py'
[0.188s] [34mcolcon.colcon_core.package_identification[0m [1;30mLevel 1[0m _identify(SO-ARM_Teleop/calibration) by extensions ['ignore', 'ignore_ament_install']
[0.188s] [34mcolcon.colcon_core.package_identification[0m [1;30mLevel 1[0m _identify(SO-ARM_Teleop/calibration) by extension 'ignore'
[0.188s] [34mcolcon.colcon_core.package_identification[0m [1;30mLevel 1[0m _identify(SO-ARM_Teleop/calibration) by extension 'ignore_ament_install'
[0.188s] [34mcolcon.colcon_core.package_identification[0m [1;30mLevel 1[0m _identify(SO-ARM_Teleop/calibration) by extensions ['colcon_pkg']
[0.188s] [34mcolcon.colcon_core.package_identification[0m [1;30mLevel 1[0m _identify(SO-ARM_Teleop/calibration) by extension 'colcon_pkg'
[0.188s] [34mcolcon.colcon_core.package_identification[0m [1;30mLevel 1[0m _identify(SO-ARM_Teleop/calibration) by extensions ['colcon_meta']
[0.188s] [34mcolcon.colcon_core.package_identification[0m [1;30mLevel 1[0m _identify(SO-ARM_Teleop/calibration) by extension 'colcon_meta'
[0.188s] [34mcolcon.colcon_core.package_identification[0m [1;30mLevel 1[0m _identify(SO-ARM_Teleop/calibration) by extensions ['ros']
[0.188s] [34mcolcon.colcon_core.package_identification[0m [1;30mLevel 1[0m _identify(SO-ARM_Teleop/calibration) by extension 'ros'
[0.188s] [34mcolcon.colcon_core.package_identification[0m [1;30mLevel 1[0m _identify(SO-ARM_Teleop/calibration) by extensions ['cmake', 'python']
[0.188s] [34mcolcon.colcon_core.package_identification[0m [1;30mLevel 1[0m _identify(SO-ARM_Teleop/calibration) by extension 'cmake'
[0.188s] [34mcolcon.colcon_core.package_identification[0m [1;30mLevel 1[0m _identify(SO-ARM_Teleop/calibration) by extension 'python'
[0.188s] [34mcolcon.colcon_core.package_identification[0m [1;30mLevel 1[0m _identify(SO-ARM_Teleop/calibration) by extensions ['python_setup_py']
[0.188s] [34mcolcon.colcon_core.package_identification[0m [1;30mLevel 1[0m _identify(SO-ARM_Teleop/calibration) by extension 'python_setup_py'
[0.188s] [34mcolcon.colcon_core.package_identification[0m [1;30mLevel 1[0m _identify(SO-ARM_Teleop/calibration/so101_follower) by extensions ['ignore', 'ignore_ament_install']
[0.188s] [34mcolcon.colcon_core.package_identification[0m [1;30mLevel 1[0m _identify(SO-ARM_Teleop/calibration/so101_follower) by extension 'ignore'
[0.188s] [34mcolcon.colcon_core.package_identification[0m [1;30mLevel 1[0m _identify(SO-ARM_Teleop/calibration/so101_follower) by extension 'ignore_ament_install'
[0.188s] [34mcolcon.colcon_core.package_identification[0m [1;30mLevel 1[0m _identify(SO-ARM_Teleop/calibration/so101_follower) by extensions ['colcon_pkg']
[0.188s] [34mcolcon.colcon_core.package_identification[0m [1;30mLevel 1[0m _identify(SO-ARM_Teleop/calibration/so101_follower) by extension 'colcon_pkg'
[0.188s] [34mcolcon.colcon_core.package_identification[0m [1;30mLevel 1[0m _identify(SO-ARM_Teleop/calibration/so101_follower) by extensions ['colcon_meta']
[0.188s] [34mcolcon.colcon_core.package_identification[0m [1;30mLevel 1[0m _identify(SO-ARM_Teleop/calibration/so101_follower) by extension 'colcon_meta'
[0.188s] [34mcolcon.colcon_core.package_identification[0m [1;30mLevel 1[0m _identify(SO-ARM_Teleop/calibration/so101_follower) by extensions ['ros']
[0.188s] [34mcolcon.colcon_core.package_identification[0m [1;30mLevel 1[0m _identify(SO-ARM_Teleop/calibration/so101_follower) by extension 'ros'
[0.188s] [34mcolcon.colcon_core.package_identification[0m [1;30mLevel 1[0m _identify(SO-ARM_Teleop/calibration/so101_follower) by extensions ['cmake', 'python']
[0.188s] [34mcolcon.colcon_core.package_identification[0m [1;30mLevel 1[0m _identify(SO-ARM_Teleop/calibration/so101_follower) by extension 'cmake'
[0.188s] [34mcolcon.colcon_core.package_identification[0m [1;30mLevel 1[0m _identify(SO-ARM_Teleop/calibration/so101_follower) by extension 'python'
[0.189s] [34mcolcon.colcon_core.package_identification[0m [1;30mLevel 1[0m _identify(SO-ARM_Teleop/calibration/so101_follower) by extensions ['python_setup_py']
[0.189s] [34mcolcon.colcon_core.package_identification[0m [1;30mLevel 1[0m _identify(SO-ARM_Teleop/calibration/so101_follower) by extension 'python_setup_py'
[0.189s] [34mcolcon.colcon_core.package_identification[0m [1;30mLevel 1[0m _identify(SO-ARM_Teleop/scripts) by extensions ['ignore', 'ignore_ament_install']
[0.189s] [34mcolcon.colcon_core.package_identification[0m [1;30mLevel 1[0m _identify(SO-ARM_Teleop/scripts) by extension 'ignore'
[0.189s] [34mcolcon.colcon_core.package_identification[0m [1;30mLevel 1[0m _identify(SO-ARM_Teleop/scripts) by extension 'ignore_ament_install'
[0.189s] [34mcolcon.colcon_core.package_identification[0m [1;30mLevel 1[0m _identify(SO-ARM_Teleop/scripts) by extensions ['colcon_pkg']
[0.189s] [34mcolcon.colcon_core.package_identification[0m [1;30mLevel 1[0m _identify(SO-ARM_Teleop/scripts) by extension 'colcon_pkg'
[0.189s] [34mcolcon.colcon_core.package_identification[0m [1;30mLevel 1[0m _identify(SO-ARM_Teleop/scripts) by extensions ['colcon_meta']
[0.189s] [34mcolcon.colcon_core.package_identification[0m [1;30mLevel 1[0m _identify(SO-ARM_Teleop/scripts) by extension 'colcon_meta'
[0.189s] [34mcolcon.colcon_core.package_identification[0m [1;30mLevel 1[0m _identify(SO-ARM_Teleop/scripts) by extensions ['ros']
[0.189s] [34mcolcon.colcon_core.package_identification[0m [1;30mLevel 1[0m _identify(SO-ARM_Teleop/scripts) by extension 'ros'
[0.189s] [34mcolcon.colcon_core.package_identification[0m [1;30mLevel 1[0m _identify(SO-ARM_Teleop/scripts) by extensions ['cmake', 'python']
[0.189s] [34mcolcon.colcon_core.package_identification[0m [1;30mLevel 1[0m _identify(SO-ARM_Teleop/scripts) by extension 'cmake'
[0.189s] [34mcolcon.colcon_core.package_identification[0m [1;30mLevel 1[0m _identify(SO-ARM_Teleop/scripts) by extension 'python'
[0.189s] [34mcolcon.colcon_core.package_identification[0m [1;30mLevel 1[0m _identify(SO-ARM_Teleop/scripts) by extensions ['python_setup_py']
[0.189s] [34mcolcon.colcon_core.package_identification[0m [1;30mLevel 1[0m _identify(SO-ARM_Teleop/scripts) by extension 'python_setup_py'
[0.189s] [34mcolcon.colcon_core.package_identification[0m [1;30mLevel 1[0m _identify(SO-ARM_Teleop/src) by extensions ['ignore', 'ignore_ament_install']
[0.189s] [34mcolcon.colcon_core.package_identification[0m [1;30mLevel 1[0m _identify(SO-ARM_Teleop/src) by extension 'ignore'
[0.189s] [34mcolcon.colcon_core.package_identification[0m [1;30mLevel 1[0m _identify(SO-ARM_Teleop/src) by extension 'ignore_ament_install'
[0.189s] [34mcolcon.colcon_core.package_identification[0m [1;30mLevel 1[0m _identify(SO-ARM_Teleop/src) by extensions ['colcon_pkg']
[0.189s] [34mcolcon.colcon_core.package_identification[0m [1;30mLevel 1[0m _identify(SO-ARM_Teleop/src) by extension 'colcon_pkg'
[0.189s] [34mcolcon.colcon_core.package_identification[0m [1;30mLevel 1[0m _identify(SO-ARM_Teleop/src) by extensions ['colcon_meta']
[0.189s] [34mcolcon.colcon_core.package_identification[0m [1;30mLevel 1[0m _identify(SO-ARM_Teleop/src) by extension 'colcon_meta'
[0.189s] [34mcolcon.colcon_core.package_identification[0m [1;30mLevel 1[0m _identify(SO-ARM_Teleop/src) by extensions ['ros']
[0.189s] [34mcolcon.colcon_core.package_identification[0m [1;30mLevel 1[0m _identify(SO-ARM_Teleop/src) by extension 'ros'
[0.189s] [34mcolcon.colcon_core.package_identification[0m [1;30mLevel 1[0m _identify(SO-ARM_Teleop/src) by extensions ['cmake', 'python']
[0.189s] [34mcolcon.colcon_core.package_identification[0m [1;30mLevel 1[0m _identify(SO-ARM_Teleop/src) by extension 'cmake'
[0.189s] [34mcolcon.colcon_core.package_identification[0m [1;30mLevel 1[0m _identify(SO-ARM_Teleop/src) by extension 'python'
[0.189s] [34mcolcon.colcon_core.package_identification[0m [1;30mLevel 1[0m _identify(SO-ARM_Teleop/src) by extensions ['python_setup_py']
[0.189s] [34mcolcon.colcon_core.package_identification[0m [1;30mLevel 1[0m _identify(SO-ARM_Teleop/src) by extension 'python_setup_py'
[0.189s] [34mcolcon.colcon_core.package_identification[0m [1;30mLevel 1[0m _identify(SO-ARM_Teleop/src/so_arm_custom_control) by extensions ['ignore', 'ignore_ament_install']
[0.189s] [34mcolcon.colcon_core.package_identification[0m [1;30mLevel 1[0m _identify(SO-ARM_Teleop/src/so_arm_custom_control) by extension 'ignore'
[0.189s] [34mcolcon.colcon_core.package_identification[0m [1;30mLevel 1[0m _identify(SO-ARM_Teleop/src/so_arm_custom_control) by extension 'ignore_ament_install'
[0.189s] [34mcolcon.colcon_core.package_identification[0m [1;30mLevel 1[0m _identify(SO-ARM_Teleop/src/so_arm_custom_control) by extensions ['colcon_pkg']
[0.189s] [34mcolcon.colcon_core.package_identification[0m [1;30mLevel 1[0m _identify(SO-ARM_Teleop/src/so_arm_custom_control) by extension 'colcon_pkg'
[0.189s] [34mcolcon.colcon_core.package_identification[0m [1;30mLevel 1[0m _identify(SO-ARM_Teleop/src/so_arm_custom_control) by extensions ['colcon_meta']
[0.189s] [34mcolcon.colcon_core.package_identification[0m [1;30mLevel 1[0m _identify(SO-ARM_Teleop/src/so_arm_custom_control) by extension 'colcon_meta'
[0.189s] [34mcolcon.colcon_core.package_identification[0m [1;30mLevel 1[0m _identify(SO-ARM_Teleop/src/so_arm_custom_control) by extensions ['ros']
[0.189s] [34mcolcon.colcon_core.package_identification[0m [1;30mLevel 1[0m _identify(SO-ARM_Teleop/src/so_arm_custom_control) by extension 'ros'
[0.191s] [34mcolcon.colcon_core.package_identification[0m [1;30mDEBUG[0m [32mPackage 'SO-ARM_Teleop/src/so_arm_custom_control' with type 'ros.ament_python' and name 'so_arm_custom_control'[0m
[0.191s] [34mcolcon.colcon_core.package_identification[0m [1;30mLevel 1[0m _identify(SO-ARM_Teleop/src/so_arm_description) by extensions ['ignore', 'ignore_ament_install']
[0.191s] [34mcolcon.colcon_core.package_identification[0m [1;30mLevel 1[0m _identify(SO-ARM_Teleop/src/so_arm_description) by extension 'ignore'
[0.191s] [34mcolcon.colcon_core.package_identification[0m [1;30mLevel 1[0m _identify(SO-ARM_Teleop/src/so_arm_description) by extension 'ignore_ament_install'
[0.191s] [34mcolcon.colcon_core.package_identification[0m [1;30mLevel 1[0m _identify(SO-ARM_Teleop/src/so_arm_description) by extensions ['colcon_pkg']
[0.191s] [34mcolcon.colcon_core.package_identification[0m [1;30mLevel 1[0m _identify(SO-ARM_Teleop/src/so_arm_description) by extension 'colcon_pkg'
[0.191s] [34mcolcon.colcon_core.package_identification[0m [1;30mLevel 1[0m _identify(SO-ARM_Teleop/src/so_arm_description) by extensions ['colcon_meta']
[0.191s] [34mcolcon.colcon_core.package_identification[0m [1;30mLevel 1[0m _identify(SO-ARM_Teleop/src/so_arm_description) by extension 'colcon_meta'
[0.191s] [34mcolcon.colcon_core.package_identification[0m [1;30mLevel 1[0m _identify(SO-ARM_Teleop/src/so_arm_description) by extensions ['ros']
[0.191s] [34mcolcon.colcon_core.package_identification[0m [1;30mLevel 1[0m _identify(SO-ARM_Teleop/src/so_arm_description) by extension 'ros'
[0.191s] [34mcolcon.colcon_core.package_identification[0m [1;30mDEBUG[0m [32mPackage 'SO-ARM_Teleop/src/so_arm_description' with type 'ros.ament_cmake' and name 'so_arm_description'[0m
[0.192s] [34mcolcon.colcon_core.package_identification[0m [1;30mLevel 1[0m _identify(SO-ARM_Teleop/src/so_arm_motion_interface) by extensions ['ignore', 'ignore_ament_install']
[0.192s] [34mcolcon.colcon_core.package_identification[0m [1;30mLevel 1[0m _identify(SO-ARM_Teleop/src/so_arm_motion_interface) by extension 'ignore'
[0.192s] [34mcolcon.colcon_core.package_identification[0m [1;30mLevel 1[0m _identify(SO-ARM_Teleop/src/so_arm_motion_interface) by extension 'ignore_ament_install'
[0.192s] [34mcolcon.colcon_core.package_identification[0m [1;30mLevel 1[0m _identify(SO-ARM_Teleop/src/so_arm_motion_interface) by extensions ['colcon_pkg']
[0.192s] [34mcolcon.colcon_core.package_identification[0m [1;30mLevel 1[0m _identify(SO-ARM_Teleop/src/so_arm_motion_interface) by extension 'colcon_pkg'
[0.192s] [34mcolcon.colcon_core.package_identification[0m [1;30mLevel 1[0m _identify(SO-ARM_Teleop/src/so_arm_motion_interface) by extensions ['colcon_meta']
[0.192s] [34mcolcon.colcon_core.package_identification[0m [1;30mLevel 1[0m _identify(SO-ARM_Teleop/src/so_arm_motion_interface) by extension 'colcon_meta'
[0.192s] [34mcolcon.colcon_core.package_identification[0m [1;30mLevel 1[0m _identify(SO-ARM_Teleop/src/so_arm_motion_interface) by extensions ['ros']
[0.192s] [34mcolcon.colcon_core.package_identification[0m [1;30mLevel 1[0m _identify(SO-ARM_Teleop/src/so_arm_motion_interface) by extension 'ros'
[0.192s] [34mcolcon.colcon_core.package_identification[0m [1;30mDEBUG[0m [32mPackage 'SO-ARM_Teleop/src/so_arm_motion_interface' with type 'ros.ament_python' and name 'so_arm_motion_interface'[0m
[0.192s] [34mcolcon.colcon_core.package_identification[0m [1;30mLevel 1[0m _identify(build) by extensions ['ignore', 'ignore_ament_install']
[0.192s] [34mcolcon.colcon_core.package_identification[0m [1;30mLevel 1[0m _identify(build) by extension 'ignore'
[0.192s] [34mcolcon.colcon_core.package_identification[0m [1;30mLevel 1[0m _identify(build) ignored
[0.192s] [34mcolcon.colcon_core.package_identification[0m [1;30mLevel 1[0m _identify(install) by extensions ['ignore', 'ignore_ament_install']
[0.192s] [34mcolcon.colcon_core.package_identification[0m [1;30mLevel 1[0m _identify(install) by extension 'ignore'
[0.192s] [34mcolcon.colcon_core.package_identification[0m [1;30mLevel 1[0m _identify(install) ignored
[0.192s] [34mcolcon.colcon_core.package_identification[0m [1;30mLevel 1[0m _identify(log) by extensions ['ignore', 'ignore_ament_install']
[0.192s] [34mcolcon.colcon_core.package_identification[0m [1;30mLevel 1[0m _identify(log) by extension 'ignore'
[0.192s] [34mcolcon.colcon_core.package_identification[0m [1;30mLevel 1[0m _identify(log) ignored
[0.192s] [34mcolcon.colcon_core.package_discovery[0m [1;30mLevel 1[0m discover_packages(recursive) using defaults
[0.192s] [34mcolcon.colcon_core.package_discovery[0m [1;30mLevel 1[0m discover_packages(ignore) discover
[0.192s] [34mcolcon.colcon_core.package_discovery[0m [1;30mLevel 1[0m discover_packages(ignore) using defaults
[0.192s] [34mcolcon.colcon_core.package_discovery[0m [1;30mLevel 1[0m discover_packages(path) discover
[0.192s] [34mcolcon.colcon_core.package_discovery[0m [1;30mLevel 1[0m discover_packages(path) using defaults
[0.201s] [34mcolcon.colcon_core.package_discovery[0m [1;30mLevel 1[0m discover_packages(prefix_path) check parameters
[0.201s] [34mcolcon.colcon_core.package_discovery[0m [1;30mLevel 1[0m discover_packages(prefix_path) discover
[0.201s] [34mcolcon.colcon_core.prefix_path.colcon[0m [1;30mWARNING[0m [33mThe path '/home/teamgrit/jaehooni/endpoint_control/SO-ARM101_MoveIt_IsaacSim/install' in the environment variable COLCON_PREFIX_PATH doesn't exist[0m
[0.201s] [34mcolcon.colcon_ros.prefix_path.ament[0m [1;30mWARNING[0m [33mThe path '/home/teamgrit/jaehooni/endpoint_control/SO-ARM101_MoveIt_IsaacSim/install/so_arm_moveit_config' in the environment variable AMENT_PREFIX_PATH doesn't exist[0m
[0.201s] [34mcolcon.colcon_ros.prefix_path.ament[0m [1;30mWARNING[0m [33mThe path '/home/teamgrit/jaehooni/endpoint_control/SO-ARM101_MoveIt_IsaacSim/install/so_arm_motion_interface' in the environment variable AMENT_PREFIX_PATH doesn't exist[0m
[0.201s] [34mcolcon.colcon_ros.prefix_path.ament[0m [1;30mWARNING[0m [33mThe path '/home/teamgrit/jaehooni/endpoint_control/SO-ARM101_MoveIt_IsaacSim/install/so_arm_description' in the environment variable AMENT_PREFIX_PATH doesn't exist[0m
[0.201s] [34mcolcon.colcon_ros.prefix_path.ament[0m [1;30mWARNING[0m [33mThe path '/home/teamgrit/jaehooni/endpoint_control/SO-ARM101_MoveIt_IsaacSim/install/so_arm_custom_control' in the environment variable AMENT_PREFIX_PATH doesn't exist[0m
[0.201s] [34mcolcon.colcon_ros.prefix_path.catkin[0m [1;30mWARNING[0m [33mThe path '/home/teamgrit/jaehooni/endpoint_control/SO-ARM101_MoveIt_IsaacSim/install/so_arm_moveit_config' in the environment variable CMAKE_PREFIX_PATH doesn't exist[0m
[0.201s] [34mcolcon.colcon_ros.prefix_path.catkin[0m [1;30mWARNING[0m [33mThe path '/home/teamgrit/jaehooni/endpoint_control/SO-ARM101_MoveIt_IsaacSim/install/so_arm_description' in the environment variable CMAKE_PREFIX_PATH doesn't exist[0m
[0.202s] [34mcolcon.colcon_installed_package_information.package_discovery[0m [1;30mDEBUG[0m [32mFound 501 installed packages in /opt/ros/humble[0m
[0.203s] [34mcolcon.colcon_core.package_discovery[0m [1;30mLevel 1[0m discover_packages(prefix_path) using defaults
[0.229s] [34mcolcon.colcon_core.verb[0m [1;30mLevel 5[0m set package 'so_arm_custom_control' build argument 'cmake_args' from command line to 'None'
[0.229s] [34mcolcon.colcon_core.verb[0m [1;30mLevel 5[0m set package 'so_arm_custom_control' build argument 'cmake_target' from command line to 'None'
[0.229s] [34mcolcon.colcon_core.verb[0m [1;30mLevel 5[0m set package 'so_arm_custom_control' build argument 'cmake_target_skip_unavailable' from command line to 'False'
[0.229s] [34mcolcon.colcon_core.verb[0m [1;30mLevel 5[0m set package 'so_arm_custom_control' build argument 'cmake_clean_cache' from command line to 'False'
[0.229s] [34mcolcon.colcon_core.verb[0m [1;30mLevel 5[0m set package 'so_arm_custom_control' build argument 'cmake_clean_first' from command line to 'False'
[0.229s] [34mcolcon.colcon_core.verb[0m [1;30mLevel 5[0m set package 'so_arm_custom_control' build argument 'cmake_force_configure' from command line to 'False'
[0.229s] [34mcolcon.colcon_core.verb[0m [1;30mLevel 5[0m set package 'so_arm_custom_control' build argument 'ament_cmake_args' from command line to 'None'
[0.229s] [34mcolcon.colcon_core.verb[0m [1;30mLevel 5[0m set package 'so_arm_custom_control' build argument 'catkin_cmake_args' from command line to 'None'
[0.229s] [34mcolcon.colcon_core.verb[0m [1;30mLevel 5[0m set package 'so_arm_custom_control' build argument 'catkin_skip_building_tests' from command line to 'False'
[0.229s] [34mcolcon.colcon_core.verb[0m [1;30mDEBUG[0m [32mBuilding package 'so_arm_custom_control' with the following arguments: {'ament_cmake_args': None, 'build_base': '/home/teamgrit/jaehooni/endpoint_control/build/so_arm_custom_control', 'catkin_cmake_args': None, 'catkin_skip_building_tests': False, 'cmake_args': None, 'cmake_clean_cache': False, 'cmake_clean_first': False, 'cmake_force_configure': False, 'cmake_target': None, 'cmake_target_skip_unavailable': False, 'install_base': '/home/teamgrit/jaehooni/endpoint_control/install/so_arm_custom_control', 'merge_install': False, 'path': '/home/teamgrit/jaehooni/endpoint_control/SO-ARM_Teleop/src/so_arm_custom_control', 'symlink_install': False, 'test_result_base': None}[0m
[0.229s] [34mcolcon.colcon_core.verb[0m [1;30mLevel 5[0m set package 'so_arm_description' build argument 'cmake_args' from command line to 'None'
[0.229s] [34mcolcon.colcon_core.verb[0m [1;30mLevel 5[0m set package 'so_arm_description' build argument 'cmake_target' from command line to 'None'
[0.229s] [34mcolcon.colcon_core.verb[0m [1;30mLevel 5[0m set package 'so_arm_description' build argument 'cmake_target_skip_unavailable' from command line to 'False'
[0.229s] [34mcolcon.colcon_core.verb[0m [1;30mLevel 5[0m set package 'so_arm_description' build argument 'cmake_clean_cache' from command line to 'False'
[0.229s] [34mcolcon.colcon_core.verb[0m [1;30mLevel 5[0m set package 'so_arm_description' build argument 'cmake_clean_first' from command line to 'False'
[0.229s] [34mcolcon.colcon_core.verb[0m [1;30mLevel 5[0m set package 'so_arm_description' build argument 'cmake_force_configure' from command line to 'False'
[0.229s] [34mcolcon.colcon_core.verb[0m [1;30mLevel 5[0m set package 'so_arm_description' build argument 'ament_cmake_args' from command line to 'None'
[0.229s] [34mcolcon.colcon_core.verb[0m [1;30mLevel 5[0m set package 'so_arm_description' build argument 'catkin_cmake_args' from command line to 'None'
[0.229s] [34mcolcon.colcon_core.verb[0m [1;30mLevel 5[0m set package 'so_arm_description' build argument 'catkin_skip_building_tests' from command line to 'False'
[0.229s] [34mcolcon.colcon_core.verb[0m [1;30mDEBUG[0m [32mBuilding package 'so_arm_description' with the following arguments: {'ament_cmake_args': None, 'build_base': '/home/teamgrit/jaehooni/endpoint_control/build/so_arm_description', 'catkin_cmake_args': None, 'catkin_skip_building_tests': False, 'cmake_args': None, 'cmake_clean_cache': False, 'cmake_clean_first': False, 'cmake_force_configure': False, 'cmake_target': None, 'cmake_target_skip_unavailable': False, 'install_base': '/home/teamgrit/jaehooni/endpoint_control/install/so_arm_description', 'merge_install': False, 'path': '/home/teamgrit/jaehooni/endpoint_control/SO-ARM_Teleop/src/so_arm_description', 'symlink_install': False, 'test_result_base': None}[0m
[0.229s] [34mcolcon.colcon_core.verb[0m [1;30mLevel 5[0m set package 'so_arm_motion_interface' build argument 'cmake_args' from command line to 'None'
[0.229s] [34mcolcon.colcon_core.verb[0m [1;30mLevel 5[0m set package 'so_arm_motion_interface' build argument 'cmake_target' from command line to 'None'
[0.229s] [34mcolcon.colcon_core.verb[0m [1;30mLevel 5[0m set package 'so_arm_motion_interface' build argument 'cmake_target_skip_unavailable' from command line to 'False'
[0.229s] [34mcolcon.colcon_core.verb[0m [1;30mLevel 5[0m set package 'so_arm_motion_interface' build argument 'cmake_clean_cache' from command line to 'False'
[0.229s] [34mcolcon.colcon_core.verb[0m [1;30mLevel 5[0m set package 'so_arm_motion_interface' build argument 'cmake_clean_first' from command line to 'False'
[0.229s] [34mcolcon.colcon_core.verb[0m [1;30mLevel 5[0m set package 'so_arm_motion_interface' build argument 'cmake_force_configure' from command line to 'False'
[0.229s] [34mcolcon.colcon_core.verb[0m [1;30mLevel 5[0m set package 'so_arm_motion_interface' build argument 'ament_cmake_args' from command line to 'None'
[0.229s] [34mcolcon.colcon_core.verb[0m [1;30mLevel 5[0m set package 'so_arm_motion_interface' build argument 'catkin_cmake_args' from command line to 'None'
[0.229s] [34mcolcon.colcon_core.verb[0m [1;30mLevel 5[0m set package 'so_arm_motion_interface' build argument 'catkin_skip_building_tests' from command line to 'False'
[0.229s] [34mcolcon.colcon_core.verb[0m [1;30mDEBUG[0m [32mBuilding package 'so_arm_motion_interface' with the following arguments: {'ament_cmake_args': None, 'build_base': '/home/teamgrit/jaehooni/endpoint_control/build/so_arm_motion_interface', 'catkin_cmake_args': None, 'catkin_skip_building_tests': False, 'cmake_args': None, 'cmake_clean_cache': False, 'cmake_clean_first': False, 'cmake_force_configure': False, 'cmake_target': None, 'cmake_target_skip_unavailable': False, 'install_base': '/home/teamgrit/jaehooni/endpoint_control/install/so_arm_motion_interface', 'merge_install': False, 'path': '/home/teamgrit/jaehooni/endpoint_control/SO-ARM_Teleop/src/so_arm_motion_interface', 'symlink_install': False, 'test_result_base': None}[0m
[0.229s] [34mcolcon.colcon_core.executor[0m [1;30mINFO[0m Executing jobs using 'parallel' executor
[0.230s] [34mcolcon.colcon_parallel_executor.executor.parallel[0m [1;30mDEBUG[0m [32mrun_until_complete[0m
[0.230s] [34mcolcon.colcon_ros.task.ament_python.build[0m [1;30mINFO[0m Building ROS package in '/home/teamgrit/jaehooni/endpoint_control/SO-ARM_Teleop/src/so_arm_custom_control' with build type 'ament_python'
[0.230s] [34mcolcon.colcon_core.shell[0m [1;30mLevel 1[0m create_environment_hook('so_arm_custom_control', 'ament_prefix_path')
[0.231s] [34mcolcon.colcon_core.plugin_system[0m [1;30mINFO[0m Skipping extension 'colcon_core.shell.bat': Not used on non-Windows systems
[0.232s] [34mcolcon.colcon_core.shell[0m [1;30mINFO[0m Creating environment hook '/home/teamgrit/jaehooni/endpoint_control/install/so_arm_custom_control/share/so_arm_custom_control/hook/ament_prefix_path.ps1'
[0.232s] [34mcolcon.colcon_core.shell[0m [1;30mINFO[0m Creating environment descriptor '/home/teamgrit/jaehooni/endpoint_control/install/so_arm_custom_control/share/so_arm_custom_control/hook/ament_prefix_path.dsv'
[0.232s] [34mcolcon.colcon_core.shell[0m [1;30mINFO[0m Creating environment hook '/home/teamgrit/jaehooni/endpoint_control/install/so_arm_custom_control/share/so_arm_custom_control/hook/ament_prefix_path.sh'
[0.232s] [34mcolcon.colcon_core.shell[0m [1;30mINFO[0m Skip shell extension 'powershell' for command environment: Not usable outside of PowerShell
[0.232s] [34mcolcon.colcon_core.shell[0m [1;30mDEBUG[0m [32mSkip shell extension 'dsv' for command environment[0m
[0.234s] [34mcolcon.colcon_ros.task.ament_cmake.build[0m [1;30mINFO[0m Building ROS package in '/home/teamgrit/jaehooni/endpoint_control/SO-ARM_Teleop/src/so_arm_description' with build type 'ament_cmake'
[0.234s] [34mcolcon.colcon_cmake.task.cmake.build[0m [1;30mINFO[0m Building CMake package in '/home/teamgrit/jaehooni/endpoint_control/SO-ARM_Teleop/src/so_arm_description'
[0.234s] [34mcolcon.colcon_core.shell[0m [1;30mINFO[0m Skip shell extension 'powershell' for command environment: Not usable outside of PowerShell
[0.234s] [34mcolcon.colcon_core.shell[0m [1;30mDEBUG[0m [32mSkip shell extension 'dsv' for command environment[0m
[0.236s] [34mcolcon.colcon_ros.task.ament_python.build[0m [1;30mINFO[0m Building ROS package in '/home/teamgrit/jaehooni/endpoint_control/SO-ARM_Teleop/src/so_arm_motion_interface' with build type 'ament_python'
[0.236s] [34mcolcon.colcon_core.shell[0m [1;30mLevel 1[0m create_environment_hook('so_arm_motion_interface', 'ament_prefix_path')
[0.236s] [34mcolcon.colcon_core.shell[0m [1;30mINFO[0m Creating environment hook '/home/teamgrit/jaehooni/endpoint_control/install/so_arm_motion_interface/share/so_arm_motion_interface/hook/ament_prefix_path.ps1'
[0.237s] [34mcolcon.colcon_core.shell[0m [1;30mINFO[0m Creating environment descriptor '/home/teamgrit/jaehooni/endpoint_control/install/so_arm_motion_interface/share/so_arm_motion_interface/hook/ament_prefix_path.dsv'
[0.237s] [34mcolcon.colcon_core.shell[0m [1;30mINFO[0m Creating environment hook '/home/teamgrit/jaehooni/endpoint_control/install/so_arm_motion_interface/share/so_arm_motion_interface/hook/ament_prefix_path.sh'
[0.237s] [34mcolcon.colcon_core.shell[0m [1;30mINFO[0m Skip shell extension 'powershell' for command environment: Not usable outside of PowerShell
[0.237s] [34mcolcon.colcon_core.shell[0m [1;30mDEBUG[0m [32mSkip shell extension 'dsv' for command environment[0m
[0.393s] [34mcolcon.colcon_core.task.python.build[0m [1;30mINFO[0m Building Python package in '/home/teamgrit/jaehooni/endpoint_control/SO-ARM_Teleop/src/so_arm_custom_control'
[0.393s] [34mcolcon.colcon_core.shell[0m [1;30mINFO[0m Skip shell extension 'powershell' for command environment: Not usable outside of PowerShell
[0.394s] [34mcolcon.colcon_core.shell[0m [1;30mDEBUG[0m [32mSkip shell extension 'dsv' for command environment[0m
[0.398s] [34mcolcon.colcon_core.event_handler.log_command[0m [1;30mDEBUG[0m [32mInvoking command in '/home/teamgrit/jaehooni/endpoint_control/build/so_arm_description': CMAKE_PREFIX_PATH=${CMAKE_PREFIX_PATH}:/home/teamgrit/jaehooni/endpoint_control/SO-ARM101_MoveIt_IsaacSim/install/so_arm_motion_interface:/home/teamgrit/jaehooni/endpoint_control/SO-ARM101_MoveIt_IsaacSim/install/so_arm_custom_control:/opt/ros/humble /usr/bin/cmake /home/teamgrit/jaehooni/endpoint_control/SO-ARM_Teleop/src/so_arm_description -DCMAKE_INSTALL_PREFIX=/home/teamgrit/jaehooni/endpoint_control/install/so_arm_description[0m
[0.562s] [34mcolcon.colcon_core.task.python.build[0m [1;30mINFO[0m Building Python package in '/home/teamgrit/jaehooni/endpoint_control/SO-ARM_Teleop/src/so_arm_motion_interface'
[0.562s] [34mcolcon.colcon_core.shell[0m [1;30mINFO[0m Skip shell extension 'powershell' for command environment: Not usable outside of PowerShell
[0.562s] [34mcolcon.colcon_core.shell[0m [1;30mDEBUG[0m [32mSkip shell extension 'dsv' for command environment[0m
[0.775s] [34mcolcon.colcon_core.event_handler.log_command[0m [1;30mDEBUG[0m [32mInvoked command in '/home/teamgrit/jaehooni/endpoint_control/build/so_arm_description' returned '0': CMAKE_PREFIX_PATH=${CMAKE_PREFIX_PATH}:/home/teamgrit/jaehooni/endpoint_control/SO-ARM101_MoveIt_IsaacSim/install/so_arm_motion_interface:/home/teamgrit/jaehooni/endpoint_control/SO-ARM101_MoveIt_IsaacSim/install/so_arm_custom_control:/opt/ros/humble /usr/bin/cmake /home/teamgrit/jaehooni/endpoint_control/SO-ARM_Teleop/src/so_arm_description -DCMAKE_INSTALL_PREFIX=/home/teamgrit/jaehooni/endpoint_control/install/so_arm_description[0m
[0.777s] [34mcolcon.colcon_core.event_handler.log_command[0m [1;30mDEBUG[0m [32mInvoking command in '/home/teamgrit/jaehooni/endpoint_control/build/so_arm_description': CMAKE_PREFIX_PATH=${CMAKE_PREFIX_PATH}:/home/teamgrit/jaehooni/endpoint_control/SO-ARM101_MoveIt_IsaacSim/install/so_arm_motion_interface:/home/teamgrit/jaehooni/endpoint_control/SO-ARM101_MoveIt_IsaacSim/install/so_arm_custom_control:/opt/ros/humble /usr/bin/cmake --build /home/teamgrit/jaehooni/endpoint_control/build/so_arm_description -- -j20 -l20[0m
[0.803s] [34mcolcon.colcon_core.event_handler.log_command[0m [1;30mDEBUG[0m [32mInvoked command in '/home/teamgrit/jaehooni/endpoint_control/build/so_arm_description' returned '0': CMAKE_PREFIX_PATH=${CMAKE_PREFIX_PATH}:/home/teamgrit/jaehooni/endpoint_control/SO-ARM101_MoveIt_IsaacSim/install/so_arm_motion_interface:/home/teamgrit/jaehooni/endpoint_control/SO-ARM101_MoveIt_IsaacSim/install/so_arm_custom_control:/opt/ros/humble /usr/bin/cmake --build /home/teamgrit/jaehooni/endpoint_control/build/so_arm_description -- -j20 -l20[0m
[0.810s] [34mcolcon.colcon_core.event_handler.log_command[0m [1;30mDEBUG[0m [32mInvoking command in '/home/teamgrit/jaehooni/endpoint_control/build/so_arm_description': CMAKE_PREFIX_PATH=${CMAKE_PREFIX_PATH}:/home/teamgrit/jaehooni/endpoint_control/SO-ARM101_MoveIt_IsaacSim/install/so_arm_motion_interface:/home/teamgrit/jaehooni/endpoint_control/SO-ARM101_MoveIt_IsaacSim/install/so_arm_custom_control:/opt/ros/humble /usr/bin/cmake --install /home/teamgrit/jaehooni/endpoint_control/build/so_arm_description[0m
[0.818s] [34mcolcon.colcon_core.event_handler.log_command[0m [1;30mDEBUG[0m [32mInvoking command in '/home/teamgrit/jaehooni/endpoint_control/SO-ARM_Teleop/src/so_arm_custom_control': PYTHONPATH=/home/teamgrit/jaehooni/endpoint_control/build/so_arm_custom_control/prefix_override:/usr/lib/python3/dist-packages/colcon_core/task/python/colcon_distutils_commands:/home/teamgrit/jaehooni/endpoint_control/install/so_arm_custom_control/lib/python3.10/site-packages:${PYTHONPATH} /usr/bin/python3 -W ignore:setup.py install is deprecated -W ignore:easy_install command is deprecated setup.py egg_info --egg-base ../../../build/so_arm_custom_control build --build-base /home/teamgrit/jaehooni/endpoint_control/build/so_arm_custom_control/build install --record /home/teamgrit/jaehooni/endpoint_control/build/so_arm_custom_control/install.log --single-version-externally-managed install_data[0m
[0.819s] [34mcolcon.colcon_core.event_handler.log_command[0m [1;30mDEBUG[0m [32mInvoking command in '/home/teamgrit/jaehooni/endpoint_control/SO-ARM_Teleop/src/so_arm_motion_interface': PYTHONPATH=/home/teamgrit/jaehooni/endpoint_control/build/so_arm_motion_interface/prefix_override:/usr/lib/python3/dist-packages/colcon_core/task/python/colcon_distutils_commands:/home/teamgrit/jaehooni/endpoint_control/install/so_arm_motion_interface/lib/python3.10/site-packages:${PYTHONPATH} /usr/bin/python3 -W ignore:setup.py install is deprecated -W ignore:easy_install command is deprecated setup.py egg_info --egg-base ../../../build/so_arm_motion_interface build --build-base /home/teamgrit/jaehooni/endpoint_control/build/so_arm_motion_interface/build install --record /home/teamgrit/jaehooni/endpoint_control/build/so_arm_motion_interface/install.log --single-version-externally-managed install_data[0m
[0.826s] [34mcolcon.colcon_core.environment[0m [1;30mLevel 1[0m create_environment_scripts_only(so_arm_description)
[0.827s] [34mcolcon.colcon_core.event_handler.log_command[0m [1;30mDEBUG[0m [32mInvoked command in '/home/teamgrit/jaehooni/endpoint_control/build/so_arm_description' returned '0': CMAKE_PREFIX_PATH=${CMAKE_PREFIX_PATH}:/home/teamgrit/jaehooni/endpoint_control/SO-ARM101_MoveIt_IsaacSim/install/so_arm_motion_interface:/home/teamgrit/jaehooni/endpoint_control/SO-ARM101_MoveIt_IsaacSim/install/so_arm_custom_control:/opt/ros/humble /usr/bin/cmake --install /home/teamgrit/jaehooni/endpoint_control/build/so_arm_description[0m
[0.828s] [34mcolcon.colcon_core.environment[0m [1;30mLevel 1[0m checking '/home/teamgrit/jaehooni/endpoint_control/install/so_arm_description' for CMake module files
[0.828s] [34mcolcon.colcon_core.environment[0m [1;30mLevel 1[0m checking '/home/teamgrit/jaehooni/endpoint_control/install/so_arm_description' for CMake config files
[0.828s] [34mcolcon.colcon_core.shell[0m [1;30mLevel 1[0m create_environment_hook('so_arm_description', 'cmake_prefix_path')
[0.828s] [34mcolcon.colcon_core.shell[0m [1;30mINFO[0m Creating environment hook '/home/teamgrit/jaehooni/endpoint_control/install/so_arm_description/share/so_arm_description/hook/cmake_prefix_path.ps1'
[0.829s] [34mcolcon.colcon_core.shell[0m [1;30mINFO[0m Creating environment descriptor '/home/teamgrit/jaehooni/endpoint_control/install/so_arm_description/share/so_arm_description/hook/cmake_prefix_path.dsv'
[0.829s] [34mcolcon.colcon_core.shell[0m [1;30mINFO[0m Creating environment hook '/home/teamgrit/jaehooni/endpoint_control/install/so_arm_description/share/so_arm_description/hook/cmake_prefix_path.sh'
[0.829s] [34mcolcon.colcon_core.environment[0m [1;30mLevel 1[0m checking '/home/teamgrit/jaehooni/endpoint_control/install/so_arm_description/bin'
[0.829s] [34mcolcon.colcon_core.environment[0m [1;30mLevel 1[0m checking '/home/teamgrit/jaehooni/endpoint_control/install/so_arm_description/lib/pkgconfig/so_arm_description.pc'
[0.829s] [34mcolcon.colcon_core.environment[0m [1;30mLevel 1[0m checking '/home/teamgrit/jaehooni/endpoint_control/install/so_arm_description/lib/python3.10/site-packages'
[0.829s] [34mcolcon.colcon_core.environment[0m [1;30mLevel 1[0m checking '/home/teamgrit/jaehooni/endpoint_control/install/so_arm_description/bin'
[0.830s] [34mcolcon.colcon_core.shell[0m [1;30mINFO[0m Creating package script '/home/teamgrit/jaehooni/endpoint_control/install/so_arm_description/share/so_arm_description/package.ps1'
[0.830s] [34mcolcon.colcon_core.shell[0m [1;30mINFO[0m Creating package descriptor '/home/teamgrit/jaehooni/endpoint_control/install/so_arm_description/share/so_arm_description/package.dsv'
[0.830s] [34mcolcon.colcon_core.shell[0m [1;30mINFO[0m Creating package script '/home/teamgrit/jaehooni/endpoint_control/install/so_arm_description/share/so_arm_description/package.sh'
[0.831s] [34mcolcon.colcon_core.shell[0m [1;30mINFO[0m Creating package script '/home/teamgrit/jaehooni/endpoint_control/install/so_arm_description/share/so_arm_description/package.bash'
[0.831s] [34mcolcon.colcon_core.shell[0m [1;30mINFO[0m Creating package script '/home/teamgrit/jaehooni/endpoint_control/install/so_arm_description/share/so_arm_description/package.zsh'
[0.831s] [34mcolcon.colcon_core.environment[0m [1;30mLevel 1[0m create_file_with_runtime_dependencies(/home/teamgrit/jaehooni/endpoint_control/install/so_arm_description/share/colcon-core/packages/so_arm_description)
[0.832s] [34mcolcon.colcon_core.environment[0m [1;30mLevel 1[0m create_environment_scripts_only(so_arm_description)
[0.832s] [34mcolcon.colcon_core.environment[0m [1;30mLevel 1[0m checking '/home/teamgrit/jaehooni/endpoint_control/install/so_arm_description' for CMake module files
[0.832s] [34mcolcon.colcon_core.environment[0m [1;30mLevel 1[0m checking '/home/teamgrit/jaehooni/endpoint_control/install/so_arm_description' for CMake config files
[0.832s] [34mcolcon.colcon_core.shell[0m [1;30mLevel 1[0m create_environment_hook('so_arm_description', 'cmake_prefix_path')
[0.832s] [34mcolcon.colcon_core.shell[0m [1;30mINFO[0m Creating environment hook '/home/teamgrit/jaehooni/endpoint_control/install/so_arm_description/share/so_arm_description/hook/cmake_prefix_path.ps1'
[0.832s] [34mcolcon.colcon_core.shell[0m [1;30mINFO[0m Creating environment descriptor '/home/teamgrit/jaehooni/endpoint_control/install/so_arm_description/share/so_arm_description/hook/cmake_prefix_path.dsv'
[0.832s] [34mcolcon.colcon_core.shell[0m [1;30mINFO[0m Creating environment hook '/home/teamgrit/jaehooni/endpoint_control/install/so_arm_description/share/so_arm_description/hook/cmake_prefix_path.sh'
[0.833s] [34mcolcon.colcon_core.environment[0m [1;30mLevel 1[0m checking '/home/teamgrit/jaehooni/endpoint_control/install/so_arm_description/bin'
[0.833s] [34mcolcon.colcon_core.environment[0m [1;30mLevel 1[0m checking '/home/teamgrit/jaehooni/endpoint_control/install/so_arm_description/lib/pkgconfig/so_arm_description.pc'
[0.833s] [34mcolcon.colcon_core.environment[0m [1;30mLevel 1[0m checking '/home/teamgrit/jaehooni/endpoint_control/install/so_arm_description/lib/python3.10/site-packages'
[0.833s] [34mcolcon.colcon_core.environment[0m [1;30mLevel 1[0m checking '/home/teamgrit/jaehooni/endpoint_control/install/so_arm_description/bin'
[0.833s] [34mcolcon.colcon_core.shell[0m [1;30mINFO[0m Creating package script '/home/teamgrit/jaehooni/endpoint_control/install/so_arm_description/share/so_arm_description/package.ps1'
[0.833s] [34mcolcon.colcon_core.shell[0m [1;30mINFO[0m Creating package descriptor '/home/teamgrit/jaehooni/endpoint_control/install/so_arm_description/share/so_arm_description/package.dsv'
[0.834s] [34mcolcon.colcon_core.shell[0m [1;30mINFO[0m Creating package script '/home/teamgrit/jaehooni/endpoint_control/install/so_arm_description/share/so_arm_description/package.sh'
[0.834s] [34mcolcon.colcon_core.shell[0m [1;30mINFO[0m Creating package script '/home/teamgrit/jaehooni/endpoint_control/install/so_arm_description/share/so_arm_description/package.bash'
[0.834s] [34mcolcon.colcon_core.shell[0m [1;30mINFO[0m Creating package script '/home/teamgrit/jaehooni/endpoint_control/install/so_arm_description/share/so_arm_description/package.zsh'
[0.834s] [34mcolcon.colcon_core.environment[0m [1;30mLevel 1[0m create_file_with_runtime_dependencies(/home/teamgrit/jaehooni/endpoint_control/install/so_arm_description/share/colcon-core/packages/so_arm_description)
[1.004s] [34mcolcon.colcon_core.environment[0m [1;30mLevel 1[0m checking '/home/teamgrit/jaehooni/endpoint_control/install/so_arm_custom_control' for CMake module files
[1.004s] [34mcolcon.colcon_core.event_handler.log_command[0m [1;30mDEBUG[0m [32mInvoked command in '/home/teamgrit/jaehooni/endpoint_control/SO-ARM_Teleop/src/so_arm_custom_control' returned '0': PYTHONPATH=/home/teamgrit/jaehooni/endpoint_control/build/so_arm_custom_control/prefix_override:/usr/lib/python3/dist-packages/colcon_core/task/python/colcon_distutils_commands:/home/teamgrit/jaehooni/endpoint_control/install/so_arm_custom_control/lib/python3.10/site-packages:${PYTHONPATH} /usr/bin/python3 -W ignore:setup.py install is deprecated -W ignore:easy_install command is deprecated setup.py egg_info --egg-base ../../../build/so_arm_custom_control build --build-base /home/teamgrit/jaehooni/endpoint_control/build/so_arm_custom_control/build install --record /home/teamgrit/jaehooni/endpoint_control/build/so_arm_custom_control/install.log --single-version-externally-managed install_data[0m
[1.005s] [34mcolcon.colcon_core.environment[0m [1;30mLevel 1[0m checking '/home/teamgrit/jaehooni/endpoint_control/install/so_arm_custom_control' for CMake config files
[1.005s] [34mcolcon.colcon_core.environment[0m [1;30mLevel 1[0m checking '/home/teamgrit/jaehooni/endpoint_control/install/so_arm_custom_control/lib'
[1.005s] [34mcolcon.colcon_core.environment[0m [1;30mLevel 1[0m checking '/home/teamgrit/jaehooni/endpoint_control/install/so_arm_custom_control/bin'
[1.005s] [34mcolcon.colcon_core.environment[0m [1;30mLevel 1[0m checking '/home/teamgrit/jaehooni/endpoint_control/install/so_arm_custom_control/lib/pkgconfig/so_arm_custom_control.pc'
[1.005s] [34mcolcon.colcon_core.environment[0m [1;30mLevel 1[0m checking '/home/teamgrit/jaehooni/endpoint_control/install/so_arm_custom_control/lib/python3.10/site-packages'
[1.005s] [34mcolcon.colcon_core.shell[0m [1;30mLevel 1[0m create_environment_hook('so_arm_custom_control', 'pythonpath')
[1.005s] [34mcolcon.colcon_core.shell[0m [1;30mINFO[0m Creating environment hook '/home/teamgrit/jaehooni/endpoint_control/install/so_arm_custom_control/share/so_arm_custom_control/hook/pythonpath.ps1'
[1.006s] [34mcolcon.colcon_core.shell[0m [1;30mINFO[0m Creating environment descriptor '/home/teamgrit/jaehooni/endpoint_control/install/so_arm_custom_control/share/so_arm_custom_control/hook/pythonpath.dsv'
[1.006s] [34mcolcon.colcon_core.shell[0m [1;30mINFO[0m Creating environment hook '/home/teamgrit/jaehooni/endpoint_control/install/so_arm_custom_control/share/so_arm_custom_control/hook/pythonpath.sh'
[1.006s] [34mcolcon.colcon_core.environment[0m [1;30mLevel 1[0m checking '/home/teamgrit/jaehooni/endpoint_control/install/so_arm_custom_control/bin'
[1.006s] [34mcolcon.colcon_core.environment[0m [1;30mLevel 1[0m create_environment_scripts_only(so_arm_custom_control)
[1.006s] [34mcolcon.colcon_core.shell[0m [1;30mINFO[0m Creating package script '/home/teamgrit/jaehooni/endpoint_control/install/so_arm_custom_control/share/so_arm_custom_control/package.ps1'
[1.006s] [34mcolcon.colcon_core.shell[0m [1;30mINFO[0m Creating package descriptor '/home/teamgrit/jaehooni/endpoint_control/install/so_arm_custom_control/share/so_arm_custom_control/package.dsv'
[1.007s] [34mcolcon.colcon_core.shell[0m [1;30mINFO[0m Creating package script '/home/teamgrit/jaehooni/endpoint_control/install/so_arm_custom_control/share/so_arm_custom_control/package.sh'
[1.007s] [34mcolcon.colcon_core.shell[0m [1;30mINFO[0m Creating package script '/home/teamgrit/jaehooni/endpoint_control/install/so_arm_custom_control/share/so_arm_custom_control/package.bash'
[1.007s] [34mcolcon.colcon_core.shell[0m [1;30mINFO[0m Creating package script '/home/teamgrit/jaehooni/endpoint_control/install/so_arm_custom_control/share/so_arm_custom_control/package.zsh'
[1.007s] [34mcolcon.colcon_core.environment[0m [1;30mLevel 1[0m create_file_with_runtime_dependencies(/home/teamgrit/jaehooni/endpoint_control/install/so_arm_custom_control/share/colcon-core/packages/so_arm_custom_control)
[1.015s] [34mcolcon.colcon_core.environment[0m [1;30mLevel 1[0m checking '/home/teamgrit/jaehooni/endpoint_control/install/so_arm_motion_interface' for CMake module files
[1.015s] [34mcolcon.colcon_core.event_handler.log_command[0m [1;30mDEBUG[0m [32mInvoked command in '/home/teamgrit/jaehooni/endpoint_control/SO-ARM_Teleop/src/so_arm_motion_interface' returned '0': PYTHONPATH=/home/teamgrit/jaehooni/endpoint_control/build/so_arm_motion_interface/prefix_override:/usr/lib/python3/dist-packages/colcon_core/task/python/colcon_distutils_commands:/home/teamgrit/jaehooni/endpoint_control/install/so_arm_motion_interface/lib/python3.10/site-packages:${PYTHONPATH} /usr/bin/python3 -W ignore:setup.py install is deprecated -W ignore:easy_install command is deprecated setup.py egg_info --egg-base ../../../build/so_arm_motion_interface build --build-base /home/teamgrit/jaehooni/endpoint_control/build/so_arm_motion_interface/build install --record /home/teamgrit/jaehooni/endpoint_control/build/so_arm_motion_interface/install.log --single-version-externally-managed install_data[0m
[1.016s] [34mcolcon.colcon_core.environment[0m [1;30mLevel 1[0m checking '/home/teamgrit/jaehooni/endpoint_control/install/so_arm_motion_interface' for CMake config files
[1.016s] [34mcolcon.colcon_core.environment[0m [1;30mLevel 1[0m checking '/home/teamgrit/jaehooni/endpoint_control/install/so_arm_motion_interface/lib'
[1.017s] [34mcolcon.colcon_core.environment[0m [1;30mLevel 1[0m checking '/home/teamgrit/jaehooni/endpoint_control/install/so_arm_motion_interface/bin'
[1.017s] [34mcolcon.colcon_core.environment[0m [1;30mLevel 1[0m checking '/home/teamgrit/jaehooni/endpoint_control/install/so_arm_motion_interface/lib/pkgconfig/so_arm_motion_interface.pc'
[1.017s] [34mcolcon.colcon_core.environment[0m [1;30mLevel 1[0m checking '/home/teamgrit/jaehooni/endpoint_control/install/so_arm_motion_interface/lib/python3.10/site-packages'
[1.017s] [34mcolcon.colcon_core.shell[0m [1;30mLevel 1[0m create_environment_hook('so_arm_motion_interface', 'pythonpath')
[1.017s] [34mcolcon.colcon_core.shell[0m [1;30mINFO[0m Creating environment hook '/home/teamgrit/jaehooni/endpoint_control/install/so_arm_motion_interface/share/so_arm_motion_interface/hook/pythonpath.ps1'
[1.017s] [34mcolcon.colcon_core.shell[0m [1;30mINFO[0m Creating environment descriptor '/home/teamgrit/jaehooni/endpoint_control/install/so_arm_motion_interface/share/so_arm_motion_interface/hook/pythonpath.dsv'
[1.018s] [34mcolcon.colcon_core.shell[0m [1;30mINFO[0m Creating environment hook '/home/teamgrit/jaehooni/endpoint_control/install/so_arm_motion_interface/share/so_arm_motion_interface/hook/pythonpath.sh'
[1.018s] [34mcolcon.colcon_core.environment[0m [1;30mLevel 1[0m checking '/home/teamgrit/jaehooni/endpoint_control/install/so_arm_motion_interface/bin'
[1.018s] [34mcolcon.colcon_core.environment[0m [1;30mLevel 1[0m create_environment_scripts_only(so_arm_motion_interface)
[1.019s] [34mcolcon.colcon_core.shell[0m [1;30mINFO[0m Creating package script '/home/teamgrit/jaehooni/endpoint_control/install/so_arm_motion_interface/share/so_arm_motion_interface/package.ps1'
[1.019s] [34mcolcon.colcon_core.shell[0m [1;30mINFO[0m Creating package descriptor '/home/teamgrit/jaehooni/endpoint_control/install/so_arm_motion_interface/share/so_arm_motion_interface/package.dsv'
[1.019s] [34mcolcon.colcon_core.shell[0m [1;30mINFO[0m Creating package script '/home/teamgrit/jaehooni/endpoint_control/install/so_arm_motion_interface/share/so_arm_motion_interface/package.sh'
[1.020s] [34mcolcon.colcon_core.shell[0m [1;30mINFO[0m Creating package script '/home/teamgrit/jaehooni/endpoint_control/install/so_arm_motion_interface/share/so_arm_motion_interface/package.bash'
[1.020s] [34mcolcon.colcon_core.shell[0m [1;30mINFO[0m Creating package script '/home/teamgrit/jaehooni/endpoint_control/install/so_arm_motion_interface/share/so_arm_motion_interface/package.zsh'
[1.020s] [34mcolcon.colcon_core.environment[0m [1;30mLevel 1[0m create_file_with_runtime_dependencies(/home/teamgrit/jaehooni/endpoint_control/install/so_arm_motion_interface/share/colcon-core/packages/so_arm_motion_interface)
[1.020s] [34mcolcon.colcon_parallel_executor.executor.parallel[0m [1;30mDEBUG[0m [32mclosing loop[0m
[1.021s] [34mcolcon.colcon_parallel_executor.executor.parallel[0m [1;30mDEBUG[0m [32mloop closed[0m
[1.021s] [34mcolcon.colcon_parallel_executor.executor.parallel[0m [1;30mDEBUG[0m [32mrun_until_complete finished with '0'[0m
[1.021s] [34mcolcon.colcon_core.event_reactor[0m [1;30mDEBUG[0m [32mjoining thread[0m
[1.023s] [34mcolcon.colcon_core.plugin_system[0m [1;30mINFO[0m Skipping extension 'colcon_notification.desktop_notification.terminal_notifier': Not used on non-Darwin systems
[1.024s] [34mcolcon.colcon_core.plugin_system[0m [1;30mINFO[0m Skipping extension 'colcon_notification.desktop_notification.win32': Not used on non-Windows systems
[1.024s] [34mcolcon.colcon_notification.desktop_notification[0m [1;30mINFO[0m Sending desktop notification using 'notify2'
[1.031s] [34mcolcon.colcon_core.event_reactor[0m [1;30mDEBUG[0m [32mjoined thread[0m
[1.031s] [34mcolcon.colcon_core.shell[0m [1;30mINFO[0m Creating prefix script '/home/teamgrit/jaehooni/endpoint_control/install/local_setup.ps1'
[1.032s] [34mcolcon.colcon_core.shell[0m [1;30mINFO[0m Creating prefix util module '/home/teamgrit/jaehooni/endpoint_control/install/_local_setup_util_ps1.py'
[1.033s] [34mcolcon.colcon_core.shell[0m [1;30mINFO[0m Creating prefix chain script '/home/teamgrit/jaehooni/endpoint_control/install/setup.ps1'
[1.034s] [34mcolcon.colcon_core.shell[0m [1;30mINFO[0m Creating prefix script '/home/teamgrit/jaehooni/endpoint_control/install/local_setup.sh'
[1.034s] [34mcolcon.colcon_core.shell[0m [1;30mINFO[0m Creating prefix util module '/home/teamgrit/jaehooni/endpoint_control/install/_local_setup_util_sh.py'
[1.035s] [34mcolcon.colcon_core.shell[0m [1;30mINFO[0m Creating prefix chain script '/home/teamgrit/jaehooni/endpoint_control/install/setup.sh'
[1.036s] [34mcolcon.colcon_core.shell[0m [1;30mINFO[0m Creating prefix script '/home/teamgrit/jaehooni/endpoint_control/install/local_setup.bash'
[1.037s] [34mcolcon.colcon_core.shell[0m [1;30mINFO[0m Creating prefix chain script '/home/teamgrit/jaehooni/endpoint_control/install/setup.bash'
[1.038s] [34mcolcon.colcon_core.shell[0m [1;30mINFO[0m Creating prefix script '/home/teamgrit/jaehooni/endpoint_control/install/local_setup.zsh'
[1.039s] [34mcolcon.colcon_core.shell[0m [1;30mINFO[0m Creating prefix chain script '/home/teamgrit/jaehooni/endpoint_control/install/setup.zsh'
